Component: ARM Compiler 5.06 update 4 (build 422) Tool: armlink [4d35d2]

==============================================================================

Section Cross References

    main.o(.text) refers to delay.o(.text) for delay_init
    main.o(.text) refers to misc.o(.text) for NVIC_PriorityGroupConfig
    main.o(.text) refers to usart.o(.text) for uart_init
    main.o(.text) refers to led.o(.text) for LED_Init
    main.o(.text) refers to exti.o(.text) for EXTIX_Init
    main.o(.text) refers to oled.o(.text) for OLED_Init
    main.o(.text) refers to adc.o(.text) for TIM1_Init
    main.o(.text) refers to stm32f10x_tim.o(.text) for TIM_Cmd
    system_stm32f10x.o(.text) refers to system_stm32f10x.o(.data) for SystemCoreClock
    led.o(.text) refers to stm32f10x_rcc.o(.text) for RCC_APB2PeriphClockCmd
    led.o(.text) refers to stm32f10x_gpio.o(.text) for GPIO_Init
    key.o(.text) refers to stm32f10x_rcc.o(.text) for RCC_APB2PeriphClockCmd
    key.o(.text) refers to stm32f10x_gpio.o(.text) for GPIO_Init
    key.o(.text) refers to delay.o(.text) for delay_ms
    key.o(.text) refers to key.o(.data) for key_up
    adc.o(.text) refers to stm32f10x_rcc.o(.text) for RCC_APB2PeriphClockCmd
    adc.o(.text) refers to stm32f10x_gpio.o(.text) for GPIO_Init
    adc.o(.text) refers to stm32f10x_adc.o(.text) for ADC_Init
    adc.o(.text) refers to misc.o(.text) for NVIC_PriorityGroupConfig
    adc.o(.text) refers to stm32f10x_dma.o(.text) for DMA_DeInit
    adc.o(.text) refers to stm32f10x_tim.o(.text) for TIM_TimeBaseStructInit
    adc.o(.text) refers to f2d.o(x$fpl$f2d) for __aeabi_f2d
    adc.o(.text) refers to daddsub_clz.o(x$fpl$dadd) for __aeabi_dadd
    adc.o(.text) refers to d2f.o(x$fpl$d2f) for __aeabi_d2f
    adc.o(.text) refers to ddiv.o(x$fpl$ddiv) for __aeabi_ddiv
    adc.o(.text) refers to drleqf.o(x$fpl$drleqf) for __aeabi_cdrcmple
    adc.o(.text) refers to dleqf.o(x$fpl$dleqf) for __aeabi_cdcmple
    adc.o(.text) refers to fflt_clz.o(x$fpl$ffltu) for __aeabi_ui2f
    adc.o(.text) refers to fmul.o(x$fpl$fmul) for __aeabi_fmul
    adc.o(.text) refers to dmul.o(x$fpl$dmul) for __aeabi_dmul
    adc.o(.text) refers to goertzel.o(.text) for GetPowerMag
    adc.o(.text) refers to frleqf.o(x$fpl$frleqf) for __aeabi_cfrcmple
    adc.o(.text) refers to adc.o(.data) for ADC_Value
    adc.o(.text) refers to adc.o(.bss) for point_test
    adc.o(.text) refers to goertzel.o(.bss) for InBufArray
    goertzel.o(.text) refers to rt_memcpy_w.o(.text) for __aeabi_memcpy4
    goertzel.o(.text) refers to dflt_clz.o(x$fpl$dfltu) for __aeabi_ui2d
    goertzel.o(.text) refers to dmul.o(x$fpl$dmul) for __aeabi_dmul
    goertzel.o(.text) refers to ddiv.o(x$fpl$ddiv) for __aeabi_ddiv
    goertzel.o(.text) refers to cos.o(i.cos) for cos
    goertzel.o(.text) refers to d2f.o(x$fpl$d2f) for __aeabi_d2f
    goertzel.o(.text) refers to fmul.o(x$fpl$fmul) for __aeabi_fmul
    goertzel.o(.text) refers to faddsub_clz.o(x$fpl$fsub) for __aeabi_fsub
    goertzel.o(.text) refers to faddsub_clz.o(x$fpl$fadd) for __aeabi_fadd
    goertzel.o(.text) refers to f2d.o(x$fpl$f2d) for __aeabi_f2d
    goertzel.o(.text) refers to pow.o(i.pow) for pow
    goertzel.o(.text) refers to daddsub_clz.o(x$fpl$dadd) for __aeabi_dadd
    goertzel.o(.text) refers to daddsub_clz.o(x$fpl$dsub) for __aeabi_dsub
    goertzel.o(.text) refers to fflt_clz.o(x$fpl$ffltu) for __aeabi_ui2f
    goertzel.o(.text) refers to fleqf.o(x$fpl$fleqf) for __aeabi_cfcmple
    goertzel.o(.text) refers to oled.o(.text) for OLED_Clear
    goertzel.o(.text) refers to goertzel.o(.constdata) for .constdata
    goertzel.o(.text) refers to goertzel.o(.bss) for InBufArray
    goertzel.o(.text) refers to goertzel.o(.data) for num_total
    oled.o(.text) refers to oled.o(.bss) for OLED_GRAM
    oled.o(.text) refers to oled.o(.constdata) for asc2_1206
    oled.o(.text) refers to stm32f10x_rcc.o(.text) for RCC_APB2PeriphClockCmd
    oled.o(.text) refers to stm32f10x_gpio.o(.text) for GPIO_Init
    oled.o(.text) refers to delay.o(.text) for delay_ms
    beep.o(.text) refers to stm32f10x_rcc.o(.text) for RCC_APB2PeriphClockCmd
    beep.o(.text) refers to stm32f10x_gpio.o(.text) for GPIO_Init
    exti.o(.text) refers to key.o(.text) for KEY_Init
    exti.o(.text) refers to stm32f10x_rcc.o(.text) for RCC_APB2PeriphClockCmd
    exti.o(.text) refers to stm32f10x_gpio.o(.text) for GPIO_EXTILineConfig
    exti.o(.text) refers to stm32f10x_exti.o(.text) for EXTI_Init
    exti.o(.text) refers to misc.o(.text) for NVIC_Init
    exti.o(.text) refers to delay.o(.text) for delay_ms
    exti.o(.text) refers to oled.o(.text) for OLED_Clear
    exti.o(.text) refers to goertzel.o(.data) for signalnum
    delay.o(.text) refers to misc.o(.text) for SysTick_CLKSourceConfig
    delay.o(.text) refers to system_stm32f10x.o(.data) for SystemCoreClock
    delay.o(.text) refers to delay.o(.data) for fac_us
    usart.o(.text) refers (Special) to use_no_semi_2.o(.text) for __use_no_semihosting
[...]
    ..\STM32F10x_FWLib\src\stm32f10x_adc.c   0x00000000   Number         0  stm32f10x_adc.o ABSOLUTE
    ..\STM32F10x_FWLib\src\stm32f10x_dma.c   0x00000000   Number         0  stm32f10x_dma.o ABSOLUTE
    ..\STM32F10x_FWLib\src\stm32f10x_exti.c  0x00000000   Number         0  stm32f10x_exti.o ABSOLUTE
    ..\STM32F10x_FWLib\src\stm32f10x_fsmc.c  0x00000000   Number         0  stm32f10x_fsmc.o ABSOLUTE
    ..\STM32F10x_FWLib\src\stm32f10x_gpio.c  0x00000000   Number         0  stm32f10x_gpio.o ABSOLUTE
    ..\STM32F10x_FWLib\src\stm32f10x_pwr.c   0x00000000   Number         0  stm32f10x_pwr.o ABSOLUTE
    ..\STM32F10x_FWLib\src\stm32f10x_rcc.c   0x00000000   Number         0  stm32f10x_rcc.o ABSOLUTE
    ..\STM32F10x_FWLib\src\stm32f10x_tim.c   0x00000000   Number         0  stm32f10x_tim.o ABSOLUTE
    ..\STM32F10x_FWLib\src\stm32f10x_usart.c 0x00000000   Number         0  stm32f10x_usart.o ABSOLUTE
    ..\SYSTEM\delay\delay.c                  0x00000000   Number         0  delay.o ABSOLUTE
    ..\SYSTEM\sys\sys.c                      0x00000000   Number         0  sys.o ABSOLUTE
    ..\SYSTEM\usart\usart.c                  0x00000000   Number         0  usart.o ABSOLUTE
    ..\\CORE\\core_cm3.c                     0x00000000   Number         0  core_cm3.o ABSOLUTE
    ..\\SYSTEM\\sys\\sys.c                   0x00000000   Number         0  sys.o ABSOLUTE
    dc.s                                     0x00000000   Number         0  dc.o ABSOLUTE
    main.c                                   0x00000000   Number         0  main.o ABSOLUTE
    stm32f10x_it.c                           0x00000000   Number         0  stm32f10x_it.o ABSOLUTE
    system_stm32f10x.c                       0x00000000   Number         0  system_stm32f10x.o ABSOLUTE
    RESET                                    0x08000000   Section      304  startup_stm32f10x_hd.o(RESET)
    !!!main                                  0x08000130   Section        8  __main.o(!!!main)
    !!!scatter                               0x08000138   Section       52  __scatter.o(!!!scatter)
    !!handler_copy                           0x0800016c   Section       26  __scatter_copy.o(!!handler_copy)
    !!handler_zi                             0x08000188   Section       28  __scatter_zi.o(!!handler_zi)
    .ARM.Collect$$libinit$$00000000          0x080001a4   Section        2  libinit.o(.ARM.Collect$$libinit$$00000000)
    .ARM.Collect$$libinit$$00000002          0x080001a6   Section        0  libinit2.o(.ARM.Collect$$libinit$$00000002)
    .ARM.Collect$$libinit$$00000004          0x080001a6   Section        0  libinit2.o(.ARM.Collect$$libinit$$00000004)
    .ARM.Collect$$libinit$$0000000A          0x080001a6   Section        0  libinit2.o(.ARM.Collect$$libinit$$0000000A)
    .ARM.Collect$$libinit$$0000000C          0x080001a6   Section        0  libinit2.o(.ARM.Collect$$libinit$$0000000C)
    .ARM.Collect$$libinit$$0000000E          0x080001a6   Section        0  libinit2.o(.ARM.Collect$$libinit$$0000000E)
    .ARM.Collect$$libinit$$00000011          0x080001a6   Section        0  libinit2.o(.ARM.Collect$$libinit$$00000011)
    .ARM.Collect$$libinit$$00000013          0x080001a6   Section        0  libinit2.o(.ARM.Collect$$libinit$$00000013)
    .ARM.Collect$$libinit$$00000015          0x080001a6   Section        0  libinit2.o(.ARM.Collect$$libinit$$00000015)
    .ARM.Collect$$libinit$$00000017          0x080001a6   Section        0  libinit2.o(.ARM.Collect$$libinit$$00000017)
    .ARM.Collect$$libinit$$00000019          0x080001a6   Section        0  libinit2.o(.ARM.Collect$$libinit$$00000019)
    .ARM.Collect$$libinit$$0000001B          0x080001a6   Section        0  libinit2.o(.ARM.Collect$$libinit$$0000001B)
    .ARM.Collect$$libinit$$0000001D          0x080001a6   Section        0  libinit2.o(.ARM.Collect$$libinit$$0000001D)
    .ARM.Collect$$libinit$$0000001F          0x080001a6   Section        0  libinit2.o(.ARM.Collect$$libinit$$0000001F)
    .ARM.Collect$$libinit$$00000021          0x080001a6   Section        0  libinit2.o(.ARM.Collect$$libinit$$00000021)
    .ARM.Collect$$libinit$$00000023          0x080001a6   Section        0  libinit2.o(.ARM.Collect$$libinit$$00000023)
    .ARM.Collect$$libinit$$00000025          0x080001a6   Section        0  libinit2.o(.ARM.Collect$$libinit$$00000025)
    .ARM.Collect$$libinit$$0000002C          0x080001a6   Section        0  libinit2.o(.ARM.Collect$$libinit$$0000002C)
    .ARM.Collect$$libinit$$0000002E          0x080001a6   Section        0  libinit2.o(.ARM.Collect$$libinit$$0000002E)
    .ARM.Collect$$libinit$$00000030          0x080001a6   Section        0  libinit2.o(.ARM.Collect$$libinit$$00000030)
    .ARM.Collect$$libinit$$00000032          0x080001a6   Section        0  libinit2.o(.ARM.Collect$$libinit$$00000032)
    .ARM.Collect$$libinit$$00000033          0x080001a6   Section        2  libinit2.o(.ARM.Collect$$libinit$$00000033)
    .ARM.Collect$$libshutdown$$00000000      0x080001a8   Section        2  libshutdown.o(.ARM.Collect$$libshutdown$$00000000)
    .ARM.Collect$$libshutdown$$00000002      0x080001aa   Section        0  libshutdown2.o(.ARM.Collect$$libshutdown$$00000002)
    .ARM.Collect$$libshutdown$$00000004      0x080001aa   Section        0  libshutdown2.o(.ARM.Collect$$libshutdown$$00000004)
    .ARM.Collect$$libshutdown$$00000007      0x080001aa   Section        0  libshutdown2.o(.ARM.Collect$$libshutdown$$00000007)
    .ARM.Collect$$libshutdown$$0000000A      0x080001aa   Section        0  libshutdown2.o(.ARM.Collect$$libshutdown$$0000000A)
    .ARM.Collect$$libshutdown$$0000000C      0x080001aa   Section        0  libshutdown2.o(.ARM.Collect$$libshutdown$$0000000C)
    .ARM.Collect$$libshutdown$$0000000F      0x080001aa   Section        0  libshutdown2.o(.ARM.Collect$$libshutdown$$0000000F)
    .ARM.Collect$$libshutdown$$00000010      0x080001aa   Section        2  libshutdown2.o(.ARM.Collect$$libshutdown$$00000010)
    .ARM.Collect$$rtentry$$00000000          0x080001ac   Section        0  __rtentry.o(.ARM.Collect$$rtentry$$00000000)
    .ARM.Collect$$rtentry$$00000002          0x080001ac   Section        0  __rtentry2.o(.ARM.Collect$$rtentry$$00000002)
    .ARM.Collect$$rtentry$$00000004          0x080001ac   Section        6  __rtentry4.o(.ARM.Collect$$rtentry$$00000004)
    .ARM.Collect$$rtentry$$00000009          0x080001b2   Section        0  __rtentry2.o(.ARM.Collect$$rtentry$$00000009)
    .ARM.Collect$$rtentry$$0000000A          0x080001b2   Section        4  __rtentry2.o(.ARM.Collect$$rtentry$$0000000A)
    .ARM.Collect$$rtentry$$0000000C          0x080001b6   Section        0  __rtentry2.o(.ARM.Collect$$rtentry$$0000000C)
    .ARM.Collect$$rtentry$$0000000D          0x080001b6   Section        8  __rtentry2.o(.ARM.Collect$$rtentry$$0000000D)
    .ARM.Collect$$rtexit$$00000000           0x080001be   Section        2  rtexit.o(.ARM.Collect$$rtexit$$00000000)
    .ARM.Collect$$rtexit$$00000002           0x080001c0   Section        0  rtexit2.o(.ARM.Collect$$rtexit$$00000002)
    .ARM.Collect$$rtexit$$00000003           0x080001c0   Section        4  rtexit2.o(.ARM.Collect$$rtexit$$00000003)
    .ARM.Collect$$rtexit$$00000004           0x080001c4   Section        6  rtexit2.o(.ARM.Collect$$rtexit$$00000004)
    .text                                    0x080001cc   Section        0  main.o(.text)
    .text                                    0x08000214   Section        0  stm32f10x_it.o(.text)
    .text                                    0x08000230   Section        0  system_stm32f10x.o(.text)
    SetSysClockTo72                          0x08000231   Thumb Code   214  system_stm32f10x.o(.text)
    SetSysClock                              0x08000307   Thumb Code     8  system_stm32f10x.o(.text)
    .text                                    0x08000410   Section        0  led.o(.text)
    .text                                    0x0800045c   Section        0  key.o(.text)
    .text                                    0x08000534   Section        0  adc.o(.text)
    .text                                    0x08000908   Section        0  goertzel.o(.text)
    .text                                    0x08000b0c   Section        0  oled.o(.text)
    .text                                    0x08001174   Section        0  exti.o(.text)
    .text                                    0x080012fc   Section        0  delay.o(.text)
    .text                                    0x080013d0   Section        0  usart.o(.text)
    .text                                    0x08001510   Section       64  startup_stm32f10x_hd.o(.text)
    .text                                    0x08001550   Section        0  misc.o(.text)
    .text                                    0x0800162c   Section        0  stm32f10x_adc.o(.text)
    .text                                    0x08001a7c   Section        0  stm32f10x_gpio.o(.text)
    .text                                    0x08001dd8   Section        0  stm32f10x_rcc.o(.text)
    .text                                    0x0800217c   Section        0  stm32f10x_usart.o(.text)
    .text                                    0x08002584   Section        0  stm32f10x_tim.o(.text)
    TI4_Config                               0x08002a2b   Thumb Code   130  stm32f10x_tim.o(.text)
    TI3_Config                               0x08002abf   Thumb Code   122  stm32f10x_tim.o(.text)
    TI2_Config                               0x08002b53   Thumb Code   130  stm32f10x_tim.o(.text)
    TI1_Config                               0x08002be7   Thumb Code   108  stm32f10x_tim.o(.text)
    .text                                    0x080033a0   Section        0  stm32f10x_dma.o(.text)
    .text                                    0x080035f4   Section        0  stm32f10x_exti.o(.text)
    .text                                    0x08003710   Section        2  use_no_semi_2.o(.text)
    .text                                    0x08003712   Section      100  rt_memcpy_w.o(.text)
    .text                                    0x08003776   Section        0  heapauxi.o(.text)
    .text                                    0x0800377c   Section        2  use_no_semi.o(.text)
    .text                                    0x0800377e   Section        0  _rserrno.o(.text)
    .text                                    0x08003794   Section        8  rt_errno_addr_intlibspace.o(.text)
    .text                                    0x0800379c   Section        8  libspace.o(.text)
    .text                                    0x080037a4   Section       74  sys_stackheap_outer.o(.text)
    .text                                    0x080037ee   Section        0  exit.o(.text)
    i.__ARM_fpclassify                       0x08003800   Section        0  fpclassify.o(i.__ARM_fpclassify)
    i.__ieee754_rem_pio2                     0x08003828   Section        0  rred.o(i.__ieee754_rem_pio2)
    i.__kernel_cos                           0x08003bb0   Section        0  cos_i.o(i.__kernel_cos)
    i.__kernel_poly                          0x08003cac   Section        0  poly.o(i.__kernel_poly)
    i.__kernel_sin                           0x08003d58   Section        0  sin_i.o(i.__kernel_sin)
    i.__mathlib_dbl_divzero                  0x08003e44   Section        0  dunder.o(i.__mathlib_dbl_divzero)
    i.__mathlib_dbl_infnan                   0x08003e54   Section        0  dunder.o(i.__mathlib_dbl_infnan)
    i.__mathlib_dbl_infnan2                  0x08003e5a   Section        0  dunder.o(i.__mathlib_dbl_infnan2)
    i.__mathlib_dbl_invalid                  0x08003e5e   Section        0  dunder.o(i.__mathlib_dbl_invalid)
    i.__mathlib_dbl_overflow                 0x08003e6a   Section        0  dunder.o(i.__mathlib_dbl_overflow)
    i.__mathlib_dbl_underflow                0x08003e78   Section        0  dunder.o(i.__mathlib_dbl_underflow)
    i.cos                                    0x08003e88   Section        0  cos.o(i.cos)
    i.pow                                    0x08003f24   Section        0  pow.o(i.pow)
    i.sqrt                                   0x080048fc   Section        0  sqrt.o(i.sqrt)
    x$fpl$d2f                                0x08004948   Section       98  d2f.o(x$fpl$d2f)
    x$fpl$dadd                               0x080049ac   Section      336  daddsub_clz.o(x$fpl$dadd)
    _dadd1                                   0x080049bd   Thumb Code     0  daddsub_clz.o(x$fpl$dadd)
    x$fpl$dcheck1                            0x08004afc   Section       16  dcheck1.o(x$fpl$dcheck1)
    x$fpl$dcmpinf                            0x08004b0c   Section       24  dcmpi.o(x$fpl$dcmpinf)
    x$fpl$ddiv                               0x08004b24   Section      688  ddiv.o(x$fpl$ddiv)
    ddiv_entry                               0x08004b2b   Thumb Code     0  ddiv.o(x$fpl$ddiv)
    x$fpl$dfix                               0x08004dd4   Section       94  dfix.o(x$fpl$dfix)
    x$fpl$dflt                               0x08004e32   Section       46  dflt_clz.o(x$fpl$dflt)
    x$fpl$dfltu                              0x08004e60   Section       38  dflt_clz.o(x$fpl$dfltu)
    x$fpl$dleqf                              0x08004e88   Section      120  dleqf.o(x$fpl$dleqf)
    x$fpl$dmul                               0x08004f00   Section      340  dmul.o(x$fpl$dmul)
    x$fpl$dnaninf                            0x08005054   Section      156  dnaninf.o(x$fpl$dnaninf)
    x$fpl$dretinf                            0x080050f0   Section       12  dretinf.o(x$fpl$dretinf)
    x$fpl$drleqf                             0x080050fc   Section      108  drleqf.o(x$fpl$drleqf)
    x$fpl$drsb                               0x08005168   Section       22  daddsub_clz.o(x$fpl$drsb)
    x$fpl$dsqrt                              0x08005180   Section      460  dsqrt_noumaal.o(x$fpl$dsqrt)
    x$fpl$dsub                               0x0800534c   Section      468  daddsub_clz.o(x$fpl$dsub)
    _dsub1                                   0x0800535d   Thumb Code     0  daddsub_clz.o(x$fpl$dsub)
    x$fpl$f2d                                0x08005520   Section       86  f2d.o(x$fpl$f2d)
    x$fpl$fadd                               0x08005578   Section      196  faddsub_clz.o(x$fpl$fadd)
    _fadd1                                   0x08005587   Thumb Code     0  faddsub_clz.o(x$fpl$fadd)
    x$fpl$fcmpinf                            0x0800563c   Section       24  fcmpi.o(x$fpl$fcmpinf)
    x$fpl$ffltu                              0x08005654   Section       38  fflt_clz.o(x$fpl$ffltu)
    x$fpl$fleqf                              0x0800567c   Section      104  fleqf.o(x$fpl$fleqf)
    x$fpl$fmul                               0x080056e4   Section      258  fmul.o(x$fpl$fmul)
    x$fpl$fnaninf                            0x080057e6   Section      140  fnaninf.o(x$fpl$fnaninf)
    x$fpl$fretinf                            0x08005872   Section       10  fretinf.o(x$fpl$fretinf)
    x$fpl$frleqf                             0x0800587c   Section       98  frleqf.o(x$fpl$frleqf)
    x$fpl$fsub                               0x080058e0   Section      234  faddsub_clz.o(x$fpl$fsub)
    _fsub1                                   0x080058ef   Thumb Code     0  faddsub_clz.o(x$fpl$fsub)
    x$fpl$retnan                             0x080059ca   Section      100  retnan.o(x$fpl$retnan)
    x$fpl$scalbn                             0x08005a2e   Section       92  scalbn.o(x$fpl$scalbn)
    x$fpl$trapveneer                         0x08005a8a   Section       48  trapv.o(x$fpl$trapveneer)
    x$fpl$usenofp                            0x08005aba   Section        0  usenofp.o(x$fpl$usenofp)
    .constdata                               0x08005abc   Section       64  goertzel.o(.constdata)
    .constdata                               0x08005afc   Section     6664  oled.o(.constdata)
    .constdata                               0x08007508   Section      136  pow.o(.constdata)
    bp                                       0x08007508   Data          16  pow.o(.constdata)
    dp_h                                     0x08007518   Data          16  pow.o(.constdata)
    dp_l                                     0x08007528   Data          16  pow.o(.constdata)
    L                                        0x08007538   Data          48  pow.o(.constdata)
    P                                        0x08007568   Data          40  pow.o(.constdata)
    .constdata                               0x08007590   Section       48  cos_i.o(.constdata)
    C                                        0x08007590   Data          48  cos_i.o(.constdata)
    .constdata                               0x080075c0   Section        8  qnan.o(.constdata)
    .constdata                               0x080075c8   Section      200  rred.o(.constdata)
    pio2s                                    0x080075c8   Data          48  rred.o(.constdata)
    twooverpi                                0x080075f8   Data         152  rred.o(.constdata)
    .constdata                               0x08007690   Section       40  sin_i.o(.constdata)
    S                                        0x08007690   Data          40  sin_i.o(.constdata)
    .data                                    0x20000000   Section       20  system_stm32f10x.o(.data)
    .data                                    0x20000014   Section        1  key.o(.data)
    key_up                                   0x20000014   Data           1  key.o(.data)
    .data                                    0x20000016   Section       13  adc.o(.data)
    begin_test                               0x20000018   Data           1  adc.o(.data)
    end_test                                 0x20000019   Data           1  adc.o(.data)
    i                                        0x2000001a   Data           2  adc.o(.data)
    gezeer_point                             0x2000001c   Data           2  adc.o(.data)
    start                                    0x2000001e   Data           2  adc.o(.data)
    end                                      0x20000020   Data           2  adc.o(.data)
    iscompter                                0x20000022   Data           1  adc.o(.data)
    .data                                    0x20000024   Section        6  goertzel.o(.data)
    .data                                    0x2000002a   Section        4  delay.o(.data)
    fac_us                                   0x2000002a   Data           1  delay.o(.data)
    fac_ms                                   0x2000002c   Data           2  delay.o(.data)
    .data                                    0x20000030   Section        6  usart.o(.data)
    .data                                    0x20000036   Section       20  stm32f10x_rcc.o(.data)
    APBAHBPrescTable                         0x20000036   Data          16  stm32f10x_rcc.o(.data)
    ADCPrescTable                            0x20000046   Data           4  stm32f10x_rcc.o(.data)
    .bss                                     0x2000004c   Section       80  adc.o(.bss)
    .bss                                     0x2000009c   Section      820  goertzel.o(.bss)
    .bss                                     0x200003d0   Section     1024  oled.o(.bss)
    .bss                                     0x200007d0   Section      200  usart.o(.bss)
    .bss                                     0x20000898   Section       96  libspace.o(.bss)
    HEAP                                     0x200008f8   Section      512  startup_stm32f10x_hd.o(HEAP)
    Heap_Mem                                 0x200008f8   Data         512  startup_stm32f10x_hd.o(HEAP)
    STACK                                    0x20000af8   Section     1024  startup_stm32f10x_hd.o(STACK)
    Stack_Mem                                0x20000af8   Data        1024  startup_stm32f10x_hd.o(STACK)
    __initial_sp                             0x20000ef8   Data           0  startup_stm32f10x_hd.o(STACK)

    Global Symbols

    Symbol Name                              Value     Ov Type        Size  Object(Section)

    BuildAttributes$$THM_ISAv4$P$D$K$B$S$PE$A:L22UL41UL21$X:L11$S22US41US21$IEEE1$IW$USESV6$~STKCKD$USESV7$~SHL$OTIME$ROPI$IEEEX$EBA8$UX$STANDARDLIB$REQ8$PRES8$EABIv2 0x00000000   Number         0  anon$$obj.o ABSOLUTE
    __ARM_use_no_argv                        0x00000000   Number         0  main.o ABSOLUTE
    __ARM_exceptions_init                     - Undefined Weak Reference
    __alloca_initialize                       - Undefined Weak Reference
    __arm_preinit_                            - Undefined Weak Reference
    __cpp_initialize__aeabi_                  - Undefined Weak Reference
    __cxa_finalize                            - Undefined Weak Reference
    __rt_locale                               - Undefined Weak Reference
    __sigvec_lookup                           - Undefined Weak Reference
    _atexit_init                              - Undefined Weak Reference
    _call_atexit_fns                          - Undefined Weak Reference
    _clock_init                               - Undefined Weak Reference
    _fp_trap_init                             - Undefined Weak Reference
    _fp_trap_shutdown                         - Undefined Weak Reference
    _get_lc_collate                           - Undefined Weak Reference
    _get_lc_ctype                             - Undefined Weak Reference
    _get_lc_monetary                          - Undefined Weak Reference
    _get_lc_numeric                           - Undefined Weak Reference
    _get_lc_time                              - Undefined Weak Reference
    _getenv_init                              - Undefined Weak Reference
    _handle_redirection                       - Undefined Weak Reference
    _init_alloc                               - Undefined Weak Reference
    _init_user_alloc                          - Undefined Weak Reference
    _initio                                   - Undefined Weak Reference
    _rand_init                                - Undefined Weak Reference
    _signal_finish                            - Undefined Weak Reference
    _signal_init                              - Undefined Weak Reference
    _terminate_alloc                          - Undefined Weak Reference
    _terminate_user_alloc                     - Undefined Weak Reference
    _terminateio                              - Undefined Weak Reference
    __Vectors_Size                           0x00000130   Number         0  startup_stm32f10x_hd.o ABSOLUTE
    __Vectors                                0x08000000   Data           4  startup_stm32f10x_hd.o(RESET)
    __Vectors_End                            0x08000130   Data           0  startup_stm32f10x_hd.o(RESET)
    __main                                   0x08000131   Thumb Code     8  __main.o(!!!main)
    __scatterload                            0x08000139   Thumb Code     0  __scatter.o(!!!scatter)
    __scatterload_rt2                        0x08000139   Thumb Code    44  __scatter.o(!!!scatter)
    __scatterload_rt2_thumb_only             0x08000139   Thumb Code     0  __scatter.o(!!!scatter)
    __scatterload_null                       0x08000147   Thumb Code     0  __scatter.o(!!!scatter)
    __scatterload_copy                       0x0800016d   Thumb Code    26  __scatter_copy.o(!!handler_copy)
    __scatterload_zeroinit                   0x08000189   Thumb Code    28  __scatter_zi.o(!!handler_zi)
    __rt_lib_init                            0x080001a5   Thumb Code     0  libinit.o(.ARM.Collect$$libinit$$00000000)
    __rt_lib_init_alloca_1                   0x080001a7   Thumb Code     0  libinit2.o(.ARM.Collect$$libinit$$0000002E)
    __rt_lib_init_argv_1                     0x080001a7   Thumb Code     0  libinit2.o(.ARM.Collect$$libinit$$0000002C)
    __rt_lib_init_atexit_1                   0x080001a7   Thumb Code     0  libinit2.o(.ARM.Collect$$libinit$$0000001B)
    __rt_lib_init_clock_1                    0x080001a7   Thumb Code     0  libinit2.o(.ARM.Collect$$libinit$$00000021)
    __rt_lib_init_cpp_1                      0x080001a7   Thumb Code     0  libinit2.o(.ARM.Collect$$libinit$$00000032)
    __rt_lib_init_exceptions_1               0x080001a7   Thumb Code     0  libinit2.o(.ARM.Collect$$libinit$$00000030)
    __rt_lib_init_fp_1                       0x080001a7   Thumb Code     0  libinit2.o(.ARM.Collect$$libinit$$00000002)
    __rt_lib_init_fp_trap_1                  0x080001a7   Thumb Code     0  libinit2.o(.ARM.Collect$$libinit$$0000001F)
    __rt_lib_init_getenv_1                   0x080001a7   Thumb Code     0  libinit2.o(.ARM.Collect$$libinit$$00000023)
    __rt_lib_init_heap_1                     0x080001a7   Thumb Code     0  libinit2.o(.ARM.Collect$$libinit$$0000000A)
    __rt_lib_init_lc_collate_1               0x080001a7   Thumb Code     0  libinit2.o(.ARM.Collect$$libinit$$00000011)
    __rt_lib_init_lc_ctype_1                 0x080001a7   Thumb Code     0  libinit2.o(.ARM.Collect$$libinit$$00000013)
    __rt_lib_init_lc_monetary_1              0x080001a7   Thumb Code     0  libinit2.o(.ARM.Collect$$libinit$$00000015)
    __rt_lib_init_lc_numeric_1               0x080001a7   Thumb Code     0  libinit2.o(.ARM.Collect$$libinit$$00000017)
    __rt_lib_init_lc_time_1                  0x080001a7   Thumb Code     0  libinit2.o(.ARM.Collect$$libinit$$00000019)
    __rt_lib_init_preinit_1                  0x080001a7   Thumb Code     0  libinit2.o(.ARM.Collect$$libinit$$00000004)
    __rt_lib_init_rand_1                     0x080001a7   Thumb Code     0  libinit2.o(.ARM.Collect$$libinit$$0000000E)
    __rt_lib_init_return                     0x080001a7   Thumb Code     0  libinit2.o(.ARM.Collect$$libinit$$00000033)
    __rt_lib_init_signal_1                   0x080001a7   Thumb Code     0  libinit2.o(.ARM.Collect$$libinit$$0000001D)
    __rt_lib_init_stdio_1                    0x080001a7   Thumb Code     0  libinit2.o(.ARM.Collect$$libinit$$00000025)
    __rt_lib_init_user_alloc_1               0x080001a7   Thumb Code     0  libinit2.o(.ARM.Collect$$libinit$$0000000C)
    __rt_lib_shutdown                        0x080001a9   Thumb Code     0  libshutdown.o(.ARM.Collect$$libshutdown$$00000000)
    __rt_lib_shutdown_cpp_1                  0x080001ab   Thumb Code     0  libshutdown2.o(.ARM.Collect$$libshutdown$$00000002)
    __rt_lib_shutdown_fp_trap_1              0x080001ab   Thumb Code     0  libshutdown2.o(.ARM.Collect$$libshutdown$$00000007)
    __rt_lib_shutdown_heap_1                 0x080001ab   Thumb Code     0  libshutdown2.o(.ARM.Collect$$libshutdown$$0000000F)
    __rt_lib_shutdown_return                 0x080001ab   Thumb Code     0  libshutdown2.o(.ARM.Collect$$libshutdown$$00000010)
    __rt_lib_shutdown_signal_1               0x080001ab   Thumb Code     0  libshutdown2.o(.ARM.Collect$$libshutdown$$0000000A)
    __rt_lib_shutdown_stdio_1                0x080001ab   Thumb Code     0  libshutdown2.o(.ARM.Collect$$libshutdown$$00000004)
    __rt_lib_shutdown_user_alloc_1           0x080001ab   Thumb Code     0  libshutdown2.o(.ARM.Collect$$libshutdown$$0000000C)
    __rt_entry                               0x080001ad   Thumb Code     0  __rtentry.o(.ARM.Collect$$rtentry$$00000000)
    __rt_entry_presh_1                       0x080001ad   Thumb Code     0  __rtentry2.o(.ARM.Collect$$rtentry$$00000002)
    __rt_entry_sh                            0x080001ad   Thumb Code     0  __rtentry4.o(.ARM.Collect$$rtentry$$00000004)
    __rt_entry_li                            0x080001b3   Thumb Code     0  __rtentry2.o(.ARM.Collect$$rtentry$$0000000A)
    __rt_entry_postsh_1                      0x080001b3   Thumb Code     0  __rtentry2.o(.ARM.Collect$$rtentry$$00000009)
    __rt_entry_main                          0x080001b7   Thumb Code     0  __rtentry2.o(.ARM.Collect$$rtentry$$0000000D)
    __rt_entry_postli_1                      0x080001b7   Thumb Code     0  __rtentry2.o(.ARM.Collect$$rtentry$$0000000C)
    __rt_exit                                0x080001bf   Thumb Code     0  rtexit.o(.ARM.Collect$$rtexit$$00000000)
    __rt_exit_ls                             0x080001c1   Thumb Code     0  rtexit2.o(.ARM.Collect$$rtexit$$00000003)
    __rt_exit_prels_1                        0x080001c1   Thumb Code     0  rtexit2.o(.ARM.Collect$$rtexit$$00000002)
    __rt_exit_exit                           0x080001c5   Thumb Code     0  rtexit2.o(.ARM.Collect$$rtexit$$00000004)
    main                                     0x080001cd   Thumb Code    62  main.o(.text)
    NMI_Handler                              0x08000215   Thumb Code     2  stm32f10x_it.o(.text)
    HardFault_Handler                        0x08000217   Thumb Code     4  stm32f10x_it.o(.text)
    MemManage_Handler                        0x0800021b   Thumb Code     4  stm32f10x_it.o(.text)
    BusFault_Handler                         0x0800021f   Thumb Code     4  stm32f10x_it.o(.text)
    UsageFault_Handler                       0x08000223   Thumb Code     4  stm32f10x_it.o(.text)
    SVC_Handler                              0x08000227   Thumb Code     2  stm32f10x_it.o(.text)
    DebugMon_Handler                         0x08000229   Thumb Code     2  stm32f10x_it.o(.text)
    PendSV_Handler                           0x0800022b   Thumb Code     2  stm32f10x_it.o(.text)
    SysTick_Handler                          0x0800022d   Thumb Code     2  stm32f10x_it.o(.text)
    SystemInit                               0x0800030f   Thumb Code    78  system_stm32f10x.o(.text)
    SystemCoreClockUpdate                    0x0800035d   Thumb Code   142  system_stm32f10x.o(.text)
    LED_Init                                 0x08000411   Thumb Code    68  led.o(.text)
    KEY_Init                                 0x0800045d   Thumb Code    52  key.o(.text)
    KEY_Scan                                 0x08000491   Thumb Code   150  key.o(.text)
    ADC1_Init                                0x08000535   Thumb Code   154  adc.o(.text)
    ADC1_DMA1_Init                           0x080005cf   Thumb Code   130  adc.o(.text)
    TIM1_Init                                0x08000651   Thumb Code   136  adc.o(.text)
    grim_point_test                          0x080006d9   Thumb Code   176  adc.o(.text)
    DMA1_Channel1_IRQHandler                 0x08000789   Thumb Code   270  adc.o(.text)
    array_maxs_value                         0x08000897   Thumb Code    36  adc.o(.text)
    GetPowerMag                              0x08000909   Thumb Code   476  goertzel.o(.text)
    OLED_WR_Byte                             0x08000b0d   Thumb Code    82  oled.o(.text)
    OLED_Refresh_Gram                        0x08000b5f   Thumb Code    70  oled.o(.text)
    OLED_Display_On                          0x08000ba5   Thumb Code    28  oled.o(.text)
    OLED_Display_Off                         0x08000bc1   Thumb Code    28  oled.o(.text)
    OLED_Clear                               0x08000bdd   Thumb Code    42  oled.o(.text)
    OLED_DrawPoint                           0x08000c07   Thumb Code   100  oled.o(.text)
    OLED_Fill                                0x08000c6b   Thumb Code    58  oled.o(.text)
    OLED_ShowChar                            0x08000ca5   Thumb Code   254  oled.o(.text)
    mypow                                    0x08000da3   Thumb Code    22  oled.o(.text)
    OLED_ShowNum                             0x08000db9   Thumb Code   148  oled.o(.text)
    OLED_ShowString                          0x08000e4d   Thumb Code    94  oled.o(.text)
    OLED_ShowCHI                             0x08000eab   Thumb Code   164  oled.o(.text)
    OLED_ShowBMP                             0x08000f4f   Thumb Code   184  oled.o(.text)
    OLED_Init                                0x08001007   Thumb Code   332  oled.o(.text)
    EXTIX_Init                               0x08001175   Thumb Code   176  exti.o(.text)
    EXTI0_IRQHandler                         0x08001225   Thumb Code    62  exti.o(.text)
    EXTI3_IRQHandler                         0x08001263   Thumb Code    60  exti.o(.text)
    EXTI4_IRQHandler                         0x0800129f   Thumb Code    58  exti.o(.text)
    delay_init                               0x080012fd   Thumb Code    50  delay.o(.text)
    delay_us                                 0x0800132f   Thumb Code    72  delay.o(.text)
    delay_ms                                 0x08001377   Thumb Code    72  delay.o(.text)
    _sys_exit                                0x080013d1   Thumb Code     4  usart.o(.text)
    fputc                                    0x080013d5   Thumb Code    24  usart.o(.text)
    uart_init                                0x080013ed   Thumb Code   152  usart.o(.text)
    USART1_IRQHandler                        0x08001485   Thumb Code   122  usart.o(.text)
    Reset_Handler                            0x08001511   Thumb Code     8  startup_stm32f10x_hd.o(.text)
    ADC1_2_IRQHandler                        0x0800152b   Thumb Code     0  startup_stm32f10x_hd.o(.text)
    ADC3_IRQHandler                          0x0800152b   Thumb Code     0  startup_stm32f10x_hd.o(.text)
    CAN1_RX1_IRQHandler                      0x0800152b   Thumb Code     0  startup_stm32f10x_hd.o(.text)
    CAN1_SCE_IRQHandler                      0x0800152b   Thumb Code     0  startup_stm32f10x_hd.o(.text)
    DMA1_Channel2_IRQHandler                 0x0800152b   Thumb Code     0  startup_stm32f10x_hd.o(.text)
    DMA1_Channel3_IRQHandler                 0x0800152b   Thumb Code     0  startup_stm32f10x_hd.o(.text)
    DMA1_Channel4_IRQHandler                 0x0800152b   Thumb Code     0  startup_stm32f10x_hd.o(.text)
    DMA1_Channel5_IRQHandler                 0x0800152b   Thumb Code     0  startup_stm32f10x_hd.o(.text)
    DMA1_Channel6_IRQHandler                 0x0800152b   Thumb Code     0  startup_stm32f10x_hd.o(.text)
    DMA1_Channel7_IRQHandler                 0x0800152b   Thumb Code     0  startup_stm32f10x_hd.o(.text)
    DMA2_Channel1_IRQHandler                 0x0800152b   Thumb Code     0  startup_stm32f10x_hd.o(.text)
    DMA2_Channel2_IRQHandler                 0x0800152b   Thumb Code     0  startup_stm32f10x_hd.o(.text)
    DMA2_Channel3_IRQHandler                 0x0800152b   Thumb Code     0  startup_stm32f10x_hd.o(.text)
    DMA2_Channel4_5_IRQHandler               0x0800152b   Thumb Code     0  startup_stm32f10x_hd.o(.text)
    EXTI15_10_IRQHandler                     0x0800152b   Thumb Code     0  startup_stm32f10x_hd.o(.text)
    EXTI1_IRQHandler                         0x0800152b   Thumb Code     0  startup_stm32f10x_hd.o(.text)
    EXTI2_IRQHandler                         0x0800152b   Thumb Code     0  startup_stm32f10x_hd.o(.text)
    EXTI9_5_IRQHandler                       0x0800152b   Thumb Code     0  startup_stm32f10x_hd.o(.text)
    FLASH_IRQHandler                         0x0800152b   Thumb Code     0  startup_stm32f10x_hd.o(.text)
    FSMC_IRQHandler                          0x0800152b   Thumb Code     0  startup_stm32f10x_hd.o(.text)
    I2C1_ER_IRQHandler                       0x0800152b   Thumb Code     0  startup_stm32f10x_hd.o(.text)
    I2C1_EV_IRQHandler                       0x0800152b   Thumb Code     0  startup_stm32f10x_hd.o(.text)
    I2C2_ER_IRQHandler                       0x0800152b   Thumb Code     0  startup_stm32f10x_hd.o(.text)
    I2C2_EV_IRQHandler                       0x0800152b   Thumb Code     0  startup_stm32f10x_hd.o(.text)
    PVD_IRQHandler                           0x0800152b   Thumb Code     0  startup_stm32f10x_hd.o(.text)
    RCC_IRQHandler                           0x0800152b   Thumb Code     0  startup_stm32f10x_hd.o(.text)
    RTCAlarm_IRQHandler                      0x0800152b   Thumb Code     0  startup_stm32f10x_hd.o(.text)
    RTC_IRQHandler                           0x0800152b   Thumb Code     0  startup_stm32f10x_hd.o(.text)
    SDIO_IRQHandler                          0x0800152b   Thumb Code     0  startup_stm32f10x_hd.o(.text)
    SPI1_IRQHandler                          0x0800152b   Thumb Code     0  startup_stm32f10x_hd.o(.text)
    SPI2_IRQHandler                          0x0800152b   Thumb Code     0  startup_stm32f10x_hd.o(.text)
    SPI3_IRQHandler                          0x0800152b   Thumb Code     0  startup_stm32f10x_hd.o(.text)
    TAMPER_IRQHandler                        0x0800152b   Thumb Code     0  startup_stm32f10x_hd.o(.text)
    TIM1_BRK_IRQHandler                      0x0800152b   Thumb Code     0  startup_stm32f10x_hd.o(.text)
    TIM1_CC_IRQHandler                       0x0800152b   Thumb Code     0  startup_stm32f10x_hd.o(.text)
    TIM1_TRG_COM_IRQHandler                  0x0800152b   Thumb Code     0  startup_stm32f10x_hd.o(.text)
    TIM1_UP_IRQHandler                       0x0800152b   Thumb Code     0  startup_stm32f10x_hd.o(.text)
    TIM2_IRQHandler                          0x0800152b   Thumb Code     0  startup_stm32f10x_hd.o(.text)
    TIM3_IRQHandler                          0x0800152b   Thumb Code     0  startup_stm32f10x_hd.o(.text)
    TIM4_IRQHandler                          0x0800152b   Thumb Code     0  startup_stm32f10x_hd.o(.text)
    TIM5_IRQHandler                          0x0800152b   Thumb Code     0  startup_stm32f10x_hd.o(.text)
    TIM6_IRQHandler                          0x0800152b   Thumb Code     0  startup_stm32f10x_hd.o(.text)
    TIM7_IRQHandler                          0x0800152b   Thumb Code     0  startup_stm32f10x_hd.o(.text)
    TIM8_BRK_IRQHandler                      0x0800152b   Thumb Code     0  startup_stm32f10x_hd.o(.text)
    TIM8_CC_IRQHandler                       0x0800152b   Thumb Code     0  startup_stm32f10x_hd.o(.text)
    TIM8_TRG_COM_IRQHandler                  0x0800152b   Thumb Code     0  startup_stm32f10x_hd.o(.text)
    TIM8_UP_IRQHandler                       0x0800152b   Thumb Code     0  startup_stm32f10x_hd.o(.text)
    UART4_IRQHandler                         0x0800152b   Thumb Code     0  startup_stm32f10x_hd.o(.text)
    UART5_IRQHandler                         0x0800152b   Thumb Code     0  startup_stm32f10x_hd.o(.text)
    USART2_IRQHandler                        0x0800152b   Thumb Code     0  startup_stm32f10x_hd.o(.text)
    USART3_IRQHandler                        0x0800152b   Thumb Code     0  startup_stm32f10x_hd.o(.text)
    USBWakeUp_IRQHandler                     0x0800152b   Thumb Code     0  startup_stm32f10x_hd.o(.text)
    USB_HP_CAN1_TX_IRQHandler                0x0800152b   Thumb Code     0  startup_stm32f10x_hd.o(.text)
    USB_LP_CAN1_RX0_IRQHandler               0x0800152b   Thumb Code     0  startup_stm32f10x_hd.o(.text)
    WWDG_IRQHandler                          0x0800152b   Thumb Code     0  startup_stm32f10x_hd.o(.text)
    __user_initial_stackheap                 0x0800152d   Thumb Code     0  startup_stm32f10x_hd.o(.text)
    NVIC_PriorityGroupConfig                 0x08001551   Thumb Code    10  misc.o(.text)
    NVIC_Init                                0x0800155b   Thumb Code   100  misc.o(.text)
    NVIC_SetVectorTable                      0x080015bf   Thumb Code    14  misc.o(.text)
    NVIC_SystemLPConfig                      0x080015cd   Thumb Code    34  misc.o(.text)
    SysTick_CLKSourceConfig                  0x080015ef   Thumb Code    40  misc.o(.text)
    ADC_DeInit                               0x0800162d   Thumb Code    78  stm32f10x_adc.o(.text)
    ADC_Init                                 0x0800167b   Thumb Code    70  stm32f10x_adc.o(.text)
    ADC_StructInit                           0x080016c1   Thumb Code    18  stm32f10x_adc.o(.text)
    ADC_Cmd                                  0x080016d3   Thumb Code    22  stm32f10x_adc.o(.text)
    ADC_DMACmd                               0x080016e9   Thumb Code    22  stm32f10x_adc.o(.text)
    ADC_ITConfig                             0x080016ff   Thumb Code    24  stm32f10x_adc.o(.text)
    ADC_ResetCalibration                     0x08001717   Thumb Code    10  stm32f10x_adc.o(.text)
    ADC_GetResetCalibrationStatus            0x08001721   Thumb Code    20  stm32f10x_adc.o(.text)
    ADC_StartCalibration                     0x08001735   Thumb Code    10  stm32f10x_adc.o(.text)
    ADC_GetCalibrationStatus                 0x0800173f   Thumb Code    20  stm32f10x_adc.o(.text)
    ADC_SoftwareStartConvCmd                 0x08001753   Thumb Code    22  stm32f10x_adc.o(.text)
    ADC_GetSoftwareStartConvStatus           0x08001769   Thumb Code    20  stm32f10x_adc.o(.text)
    ADC_DiscModeChannelCountConfig           0x0800177d   Thumb Code    24  stm32f10x_adc.o(.text)
    ADC_DiscModeCmd                          0x08001795   Thumb Code    22  stm32f10x_adc.o(.text)
    ADC_RegularChannelConfig                 0x080017ab   Thumb Code   184  stm32f10x_adc.o(.text)
    ADC_ExternalTrigConvCmd                  0x08001863   Thumb Code    22  stm32f10x_adc.o(.text)
    ADC_GetConversionValue                   0x08001879   Thumb Code     8  stm32f10x_adc.o(.text)
    ADC_GetDualModeConversionValue           0x08001881   Thumb Code     8  stm32f10x_adc.o(.text)
    ADC_AutoInjectedConvCmd                  0x08001889   Thumb Code    22  stm32f10x_adc.o(.text)
    ADC_InjectedDiscModeCmd                  0x0800189f   Thumb Code    22  stm32f10x_adc.o(.text)
    ADC_ExternalTrigInjectedConvConfig       0x080018b5   Thumb Code    16  stm32f10x_adc.o(.text)
    ADC_ExternalTrigInjectedConvCmd          0x080018c5   Thumb Code    22  stm32f10x_adc.o(.text)
    ADC_SoftwareStartInjectedConvCmd         0x080018db   Thumb Code    22  stm32f10x_adc.o(.text)
    ADC_GetSoftwareStartInjectedConvCmdStatus 0x080018f1   Thumb Code    20  stm32f10x_adc.o(.text)
    ADC_InjectedChannelConfig                0x08001905   Thumb Code   130  stm32f10x_adc.o(.text)
    ADC_InjectedSequencerLengthConfig        0x08001987   Thumb Code    24  stm32f10x_adc.o(.text)
    ADC_SetInjectedOffset                    0x0800199f   Thumb Code    20  stm32f10x_adc.o(.text)
    ADC_GetInjectedConversionValue           0x080019b3   Thumb Code    28  stm32f10x_adc.o(.text)
    ADC_AnalogWatchdogCmd                    0x080019cf   Thumb Code    16  stm32f10x_adc.o(.text)
    ADC_AnalogWatchdogThresholdsConfig       0x080019df   Thumb Code     6  stm32f10x_adc.o(.text)
    ADC_AnalogWatchdogSingleChannelConfig    0x080019e5   Thumb Code    16  stm32f10x_adc.o(.text)
    ADC_TempSensorVrefintCmd                 0x080019f5   Thumb Code    64  stm32f10x_adc.o(.text)
    ADC_GetFlagStatus                        0x08001a35   Thumb Code    18  stm32f10x_adc.o(.text)
    ADC_ClearFlag                            0x08001a47   Thumb Code     6  stm32f10x_adc.o(.text)
    ADC_GetITStatus                          0x08001a4d   Thumb Code    36  stm32f10x_adc.o(.text)
    ADC_ClearITPendingBit                    0x08001a71   Thumb Code    10  stm32f10x_adc.o(.text)
    GPIO_DeInit                              0x08001a7d   Thumb Code   172  stm32f10x_gpio.o(.text)
    GPIO_AFIODeInit                          0x08001b29   Thumb Code    20  stm32f10x_gpio.o(.text)
    GPIO_Init                                0x08001b3d   Thumb Code   278  stm32f10x_gpio.o(.text)
    GPIO_StructInit                          0x08001c53   Thumb Code    16  stm32f10x_gpio.o(.text)
    GPIO_ReadInputDataBit                    0x08001c63   Thumb Code    18  stm32f10x_gpio.o(.text)
    GPIO_ReadInputData                       0x08001c75   Thumb Code     8  stm32f10x_gpio.o(.text)
    GPIO_ReadOutputDataBit                   0x08001c7d   Thumb Code    18  stm32f10x_gpio.o(.text)
    GPIO_ReadOutputData                      0x08001c8f   Thumb Code     8  stm32f10x_gpio.o(.text)
    GPIO_SetBits                             0x08001c97   Thumb Code     4  stm32f10x_gpio.o(.text)
    GPIO_ResetBits                           0x08001c9b   Thumb Code     4  stm32f10x_gpio.o(.text)
    GPIO_WriteBit                            0x08001c9f   Thumb Code    10  stm32f10x_gpio.o(.text)
    GPIO_Write                               0x08001ca9   Thumb Code     4  stm32f10x_gpio.o(.text)
    GPIO_PinLockConfig                       0x08001cad   Thumb Code    18  stm32f10x_gpio.o(.text)
    GPIO_EventOutputConfig                   0x08001cbf   Thumb Code    26  stm32f10x_gpio.o(.text)
    GPIO_EventOutputCmd                      0x08001cd9   Thumb Code     6  stm32f10x_gpio.o(.text)
    GPIO_PinRemapConfig                      0x08001cdf   Thumb Code   138  stm32f10x_gpio.o(.text)
    GPIO_EXTILineConfig                      0x08001d69   Thumb Code    66  stm32f10x_gpio.o(.text)
    GPIO_ETH_MediaInterfaceConfig            0x08001dab   Thumb Code     8  stm32f10x_gpio.o(.text)
    RCC_DeInit                               0x08001dd9   Thumb Code    64  stm32f10x_rcc.o(.text)
    RCC_HSEConfig                            0x08001e19   Thumb Code    70  stm32f10x_rcc.o(.text)
    RCC_GetFlagStatus                        0x08001e5f   Thumb Code    56  stm32f10x_rcc.o(.text)
    RCC_WaitForHSEStartUp                    0x08001e97   Thumb Code    56  stm32f10x_rcc.o(.text)
    RCC_AdjustHSICalibrationValue            0x08001ecf   Thumb Code    20  stm32f10x_rcc.o(.text)
    RCC_HSICmd                               0x08001ee3   Thumb Code     6  stm32f10x_rcc.o(.text)
    RCC_PLLConfig                            0x08001ee9   Thumb Code    24  stm32f10x_rcc.o(.text)
    RCC_PLLCmd                               0x08001f01   Thumb Code     6  stm32f10x_rcc.o(.text)
    RCC_SYSCLKConfig                         0x08001f07   Thumb Code    18  stm32f10x_rcc.o(.text)
    RCC_GetSYSCLKSource                      0x08001f19   Thumb Code    10  stm32f10x_rcc.o(.text)
    RCC_HCLKConfig                           0x08001f23   Thumb Code    18  stm32f10x_rcc.o(.text)
    RCC_PCLK1Config                          0x08001f35   Thumb Code    18  stm32f10x_rcc.o(.text)
    RCC_PCLK2Config                          0x08001f47   Thumb Code    20  stm32f10x_rcc.o(.text)
    RCC_ITConfig                             0x08001f5b   Thumb Code    26  stm32f10x_rcc.o(.text)
    RCC_USBCLKConfig                         0x08001f75   Thumb Code     8  stm32f10x_rcc.o(.text)
    RCC_ADCCLKConfig                         0x08001f7d   Thumb Code    18  stm32f10x_rcc.o(.text)
    RCC_LSEConfig                            0x08001f8f   Thumb Code    50  stm32f10x_rcc.o(.text)
    RCC_LSICmd                               0x08001fc1   Thumb Code     6  stm32f10x_rcc.o(.text)
    RCC_RTCCLKConfig                         0x08001fc7   Thumb Code    12  stm32f10x_rcc.o(.text)
    RCC_RTCCLKCmd                            0x08001fd3   Thumb Code     8  stm32f10x_rcc.o(.text)
    RCC_GetClocksFreq                        0x08001fdb   Thumb Code   192  stm32f10x_rcc.o(.text)
    RCC_AHBPeriphClockCmd                    0x0800209b   Thumb Code    26  stm32f10x_rcc.o(.text)
    RCC_APB2PeriphClockCmd                   0x080020b5   Thumb Code    26  stm32f10x_rcc.o(.text)
    RCC_APB1PeriphClockCmd                   0x080020cf   Thumb Code    26  stm32f10x_rcc.o(.text)
    RCC_APB2PeriphResetCmd                   0x080020e9   Thumb Code    26  stm32f10x_rcc.o(.text)
    RCC_APB1PeriphResetCmd                   0x08002103   Thumb Code    26  stm32f10x_rcc.o(.text)
    RCC_BackupResetCmd                       0x0800211d   Thumb Code     8  stm32f10x_rcc.o(.text)
    RCC_ClockSecuritySystemCmd               0x08002125   Thumb Code     6  stm32f10x_rcc.o(.text)
    RCC_MCOConfig                            0x0800212b   Thumb Code     6  stm32f10x_rcc.o(.text)
    RCC_ClearFlag                            0x08002131   Thumb Code    14  stm32f10x_rcc.o(.text)
    RCC_GetITStatus                          0x0800213f   Thumb Code    20  stm32f10x_rcc.o(.text)
    RCC_ClearITPendingBit                    0x08002153   Thumb Code     6  stm32f10x_rcc.o(.text)
    USART_DeInit                             0x0800217d   Thumb Code   134  stm32f10x_usart.o(.text)
    USART_Init                               0x08002203   Thumb Code   210  stm32f10x_usart.o(.text)
    USART_StructInit                         0x080022d5   Thumb Code    24  stm32f10x_usart.o(.text)
    USART_ClockInit                          0x080022ed   Thumb Code    34  stm32f10x_usart.o(.text)
    USART_ClockStructInit                    0x0800230f   Thumb Code    12  stm32f10x_usart.o(.text)
    USART_Cmd                                0x0800231b   Thumb Code    24  stm32f10x_usart.o(.text)
    USART_ITConfig                           0x08002333   Thumb Code    74  stm32f10x_usart.o(.text)
    USART_DMACmd                             0x0800237d   Thumb Code    18  stm32f10x_usart.o(.text)
    USART_SetAddress                         0x0800238f   Thumb Code    18  stm32f10x_usart.o(.text)
    USART_WakeUpConfig                       0x080023a1   Thumb Code    18  stm32f10x_usart.o(.text)
    USART_ReceiverWakeUpCmd                  0x080023b3   Thumb Code    24  stm32f10x_usart.o(.text)
    USART_LINBreakDetectLengthConfig         0x080023cb   Thumb Code    18  stm32f10x_usart.o(.text)
    USART_LINCmd                             0x080023dd   Thumb Code    24  stm32f10x_usart.o(.text)
    USART_SendData                           0x080023f5   Thumb Code     8  stm32f10x_usart.o(.text)
    USART_ReceiveData                        0x080023fd   Thumb Code    10  stm32f10x_usart.o(.text)
    USART_SendBreak                          0x08002407   Thumb Code    10  stm32f10x_usart.o(.text)
    USART_SetGuardTime                       0x08002411   Thumb Code    16  stm32f10x_usart.o(.text)
    USART_SetPrescaler                       0x08002421   Thumb Code    16  stm32f10x_usart.o(.text)
    USART_SmartCardCmd                       0x08002431   Thumb Code    24  stm32f10x_usart.o(.text)
    USART_SmartCardNACKCmd                   0x08002449   Thumb Code    24  stm32f10x_usart.o(.text)
    USART_HalfDuplexCmd                      0x08002461   Thumb Code    24  stm32f10x_usart.o(.text)
    USART_OverSampling8Cmd                   0x08002479   Thumb Code    22  stm32f10x_usart.o(.text)
    USART_OneBitMethodCmd                    0x0800248f   Thumb Code    24  stm32f10x_usart.o(.text)
    USART_IrDAConfig                         0x080024a7   Thumb Code    18  stm32f10x_usart.o(.text)
    USART_IrDACmd                            0x080024b9   Thumb Code    24  stm32f10x_usart.o(.text)
    USART_GetFlagStatus                      0x080024d1   Thumb Code    26  stm32f10x_usart.o(.text)
    USART_ClearFlag                          0x080024eb   Thumb Code    18  stm32f10x_usart.o(.text)
    USART_GetITStatus                        0x080024fd   Thumb Code    84  stm32f10x_usart.o(.text)
    USART_ClearITPendingBit                  0x08002551   Thumb Code    52  stm32f10x_usart.o(.text)
    TIM_DeInit                               0x08002585   Thumb Code   424  stm32f10x_tim.o(.text)
    TIM_TimeBaseInit                         0x0800272d   Thumb Code   122  stm32f10x_tim.o(.text)
    TIM_OC1Init                              0x080027a7   Thumb Code   132  stm32f10x_tim.o(.text)
    TIM_OC2Init                              0x0800282b   Thumb Code   154  stm32f10x_tim.o(.text)
    TIM_OC3Init                              0x080028c5   Thumb Code   150  stm32f10x_tim.o(.text)
    TIM_OC4Init                              0x0800295b   Thumb Code   182  stm32f10x_tim.o(.text)
    TIM_SetIC4Prescaler                      0x08002a11   Thumb Code    26  stm32f10x_tim.o(.text)
    TIM_SetIC3Prescaler                      0x08002aad   Thumb Code    18  stm32f10x_tim.o(.text)
    TIM_SetIC2Prescaler                      0x08002b39   Thumb Code    26  stm32f10x_tim.o(.text)
    TIM_SetIC1Prescaler                      0x08002bd5   Thumb Code    18  stm32f10x_tim.o(.text)
    TIM_ICInit                               0x08002c53   Thumb Code   150  stm32f10x_tim.o(.text)
    TIM_PWMIConfig                           0x08002ce9   Thumb Code   124  stm32f10x_tim.o(.text)
    TIM_BDTRConfig                           0x08002d65   Thumb Code    32  stm32f10x_tim.o(.text)
    TIM_TimeBaseStructInit                   0x08002d85   Thumb Code    18  stm32f10x_tim.o(.text)
    TIM_OCStructInit                         0x08002d97   Thumb Code    20  stm32f10x_tim.o(.text)
    TIM_ICStructInit                         0x08002dab   Thumb Code    18  stm32f10x_tim.o(.text)
    TIM_BDTRStructInit                       0x08002dbd   Thumb Code    40  stm32f10x_tim.o(.text)
    TIM_Cmd                                  0x08002de5   Thumb Code    24  stm32f10x_tim.o(.text)
    TIM_CtrlPWMOutputs                       0x08002dfd   Thumb Code    30  stm32f10x_tim.o(.text)
    TIM_ITConfig                             0x08002e1b   Thumb Code    18  stm32f10x_tim.o(.text)
    TIM_GenerateEvent                        0x08002e2d   Thumb Code     4  stm32f10x_tim.o(.text)
    TIM_DMAConfig                            0x08002e31   Thumb Code    10  stm32f10x_tim.o(.text)
    TIM_DMACmd                               0x08002e3b   Thumb Code    18  stm32f10x_tim.o(.text)
    TIM_InternalClockConfig                  0x08002e4d   Thumb Code    12  stm32f10x_tim.o(.text)
    TIM_SelectInputTrigger                   0x08002e59   Thumb Code    18  stm32f10x_tim.o(.text)
    TIM_ITRxExternalClockConfig              0x08002e6b   Thumb Code    24  stm32f10x_tim.o(.text)
    TIM_TIxExternalClockConfig               0x08002e83   Thumb Code    62  stm32f10x_tim.o(.text)
    TIM_ETRConfig                            0x08002ec1   Thumb Code    28  stm32f10x_tim.o(.text)
    TIM_ETRClockMode1Config                  0x08002edd   Thumb Code    54  stm32f10x_tim.o(.text)
    TIM_ETRClockMode2Config                  0x08002f13   Thumb Code    32  stm32f10x_tim.o(.text)
    TIM_PrescalerConfig                      0x08002f33   Thumb Code     6  stm32f10x_tim.o(.text)
    TIM_CounterModeConfig                    0x08002f39   Thumb Code    18  stm32f10x_tim.o(.text)
    TIM_EncoderInterfaceConfig               0x08002f4b   Thumb Code    66  stm32f10x_tim.o(.text)
    TIM_ForcedOC1Config                      0x08002f8d   Thumb Code    18  stm32f10x_tim.o(.text)
    TIM_ForcedOC2Config                      0x08002f9f   Thumb Code    26  stm32f10x_tim.o(.text)
    TIM_ForcedOC3Config                      0x08002fb9   Thumb Code    18  stm32f10x_tim.o(.text)
    TIM_ForcedOC4Config                      0x08002fcb   Thumb Code    26  stm32f10x_tim.o(.text)
    TIM_ARRPreloadConfig                     0x08002fe5   Thumb Code    24  stm32f10x_tim.o(.text)
    TIM_SelectCOM                            0x08002ffd   Thumb Code    24  stm32f10x_tim.o(.text)
    TIM_SelectCCDMA                          0x08003015   Thumb Code    24  stm32f10x_tim.o(.text)
    TIM_CCPreloadControl                     0x0800302d   Thumb Code    24  stm32f10x_tim.o(.text)
    TIM_OC1PreloadConfig                     0x08003045   Thumb Code    18  stm32f10x_tim.o(.text)
    TIM_OC2PreloadConfig                     0x08003057   Thumb Code    26  stm32f10x_tim.o(.text)
    TIM_OC3PreloadConfig                     0x08003071   Thumb Code    18  stm32f10x_tim.o(.text)
    TIM_OC4PreloadConfig                     0x08003083   Thumb Code    26  stm32f10x_tim.o(.text)
    TIM_OC1FastConfig                        0x0800309d   Thumb Code    18  stm32f10x_tim.o(.text)
    TIM_OC2FastConfig                        0x080030af   Thumb Code    26  stm32f10x_tim.o(.text)
    TIM_OC3FastConfig                        0x080030c9   Thumb Code    18  stm32f10x_tim.o(.text)
    TIM_OC4FastConfig                        0x080030db   Thumb Code    26  stm32f10x_tim.o(.text)
    TIM_ClearOC1Ref                          0x080030f5   Thumb Code    18  stm32f10x_tim.o(.text)
    TIM_ClearOC2Ref                          0x08003107   Thumb Code    24  stm32f10x_tim.o(.text)
    TIM_ClearOC3Ref                          0x0800311f   Thumb Code    18  stm32f10x_tim.o(.text)
    TIM_ClearOC4Ref                          0x08003131   Thumb Code    24  stm32f10x_tim.o(.text)
    TIM_OC1PolarityConfig                    0x08003149   Thumb Code    18  stm32f10x_tim.o(.text)
    TIM_OC1NPolarityConfig                   0x0800315b   Thumb Code    18  stm32f10x_tim.o(.text)
    TIM_OC2PolarityConfig                    0x0800316d   Thumb Code    26  stm32f10x_tim.o(.text)
    TIM_OC2NPolarityConfig                   0x08003187   Thumb Code    26  stm32f10x_tim.o(.text)
    TIM_OC3PolarityConfig                    0x080031a1   Thumb Code    26  stm32f10x_tim.o(.text)
    TIM_OC3NPolarityConfig                   0x080031bb   Thumb Code    26  stm32f10x_tim.o(.text)
    TIM_OC4PolarityConfig                    0x080031d5   Thumb Code    26  stm32f10x_tim.o(.text)
    TIM_CCxCmd                               0x080031ef   Thumb Code    30  stm32f10x_tim.o(.text)
    TIM_CCxNCmd                              0x0800320d   Thumb Code    30  stm32f10x_tim.o(.text)
    TIM_SelectOCxM                           0x0800322b   Thumb Code    82  stm32f10x_tim.o(.text)
    TIM_UpdateDisableConfig                  0x0800327d   Thumb Code    24  stm32f10x_tim.o(.text)
    TIM_UpdateRequestConfig                  0x08003295   Thumb Code    24  stm32f10x_tim.o(.text)
    TIM_SelectHallSensor                     0x080032ad   Thumb Code    24  stm32f10x_tim.o(.text)
    TIM_SelectOnePulseMode                   0x080032c5   Thumb Code    18  stm32f10x_tim.o(.text)
    TIM_SelectOutputTrigger                  0x080032d7   Thumb Code    18  stm32f10x_tim.o(.text)
    TIM_SelectSlaveMode                      0x080032e9   Thumb Code    18  stm32f10x_tim.o(.text)
    TIM_SelectMasterSlaveMode                0x080032fb   Thumb Code    18  stm32f10x_tim.o(.text)
    TIM_SetCounter                           0x0800330d   Thumb Code     4  stm32f10x_tim.o(.text)
    TIM_SetAutoreload                        0x08003311   Thumb Code     4  stm32f10x_tim.o(.text)
    TIM_SetCompare1                          0x08003315   Thumb Code     4  stm32f10x_tim.o(.text)
    TIM_SetCompare2                          0x08003319   Thumb Code     4  stm32f10x_tim.o(.text)
    TIM_SetCompare3                          0x0800331d   Thumb Code     4  stm32f10x_tim.o(.text)
    TIM_SetCompare4                          0x08003321   Thumb Code     6  stm32f10x_tim.o(.text)
    TIM_SetClockDivision                     0x08003327   Thumb Code    18  stm32f10x_tim.o(.text)
    TIM_GetCapture1                          0x08003339   Thumb Code     6  stm32f10x_tim.o(.text)
    TIM_GetCapture2                          0x0800333f   Thumb Code     6  stm32f10x_tim.o(.text)
    TIM_GetCapture3                          0x08003345   Thumb Code     6  stm32f10x_tim.o(.text)
    TIM_GetCapture4                          0x0800334b   Thumb Code     8  stm32f10x_tim.o(.text)
    TIM_GetCounter                           0x08003353   Thumb Code     6  stm32f10x_tim.o(.text)
    TIM_GetPrescaler                         0x08003359   Thumb Code     6  stm32f10x_tim.o(.text)
    TIM_GetFlagStatus                        0x0800335f   Thumb Code    18  stm32f10x_tim.o(.text)
    TIM_ClearFlag                            0x08003371   Thumb Code     6  stm32f10x_tim.o(.text)
    TIM_GetITStatus                          0x08003377   Thumb Code    34  stm32f10x_tim.o(.text)
    TIM_ClearITPendingBit                    0x08003399   Thumb Code     6  stm32f10x_tim.o(.text)
    DMA_DeInit                               0x080033a1   Thumb Code   324  stm32f10x_dma.o(.text)
    DMA_Init                                 0x080034e5   Thumb Code    60  stm32f10x_dma.o(.text)
    DMA_StructInit                           0x08003521   Thumb Code    26  stm32f10x_dma.o(.text)
    DMA_Cmd                                  0x0800353b   Thumb Code    24  stm32f10x_dma.o(.text)
    DMA_ITConfig                             0x08003553   Thumb Code    18  stm32f10x_dma.o(.text)
    DMA_SetCurrDataCounter                   0x08003565   Thumb Code     4  stm32f10x_dma.o(.text)
    DMA_GetCurrDataCounter                   0x08003569   Thumb Code     8  stm32f10x_dma.o(.text)
    DMA_GetFlagStatus                        0x08003571   Thumb Code    40  stm32f10x_dma.o(.text)
    DMA_ClearFlag                            0x08003599   Thumb Code    22  stm32f10x_dma.o(.text)
    DMA_GetITStatus                          0x080035af   Thumb Code    40  stm32f10x_dma.o(.text)
    DMA_ClearITPendingBit                    0x080035d7   Thumb Code    22  stm32f10x_dma.o(.text)
    EXTI_DeInit                              0x080035f5   Thumb Code    28  stm32f10x_exti.o(.text)
    EXTI_Init                                0x08003611   Thumb Code   142  stm32f10x_exti.o(.text)
    EXTI_StructInit                          0x0800369f   Thumb Code    16  stm32f10x_exti.o(.text)
    EXTI_GenerateSWInterrupt                 0x080036af   Thumb Code    16  stm32f10x_exti.o(.text)
    EXTI_GetFlagStatus                       0x080036bf   Thumb Code    22  stm32f10x_exti.o(.text)
    EXTI_ClearFlag                           0x080036d5   Thumb Code     8  stm32f10x_exti.o(.text)
    EXTI_GetITStatus                         0x080036dd   Thumb Code    34  stm32f10x_exti.o(.text)
    EXTI_ClearITPendingBit                   0x080036ff   Thumb Code     8  stm32f10x_exti.o(.text)
    __use_no_semihosting                     0x08003711   Thumb Code     2  use_no_semi_2.o(.text)
    __aeabi_memcpy4                          0x08003713   Thumb Code     0  rt_memcpy_w.o(.text)
    __aeabi_memcpy8                          0x08003713   Thumb Code     0  rt_memcpy_w.o(.text)
    __rt_memcpy_w                            0x08003713   Thumb Code   100  rt_memcpy_w.o(.text)
    _memcpy_lastbytes_aligned                0x0800375b   Thumb Code     0  rt_memcpy_w.o(.text)
    __use_two_region_memory                  0x08003777   Thumb Code     2  heapauxi.o(.text)
    __rt_heap_escrow$2region                 0x08003779   Thumb Code     2  heapauxi.o(.text)
    __rt_heap_expand$2region                 0x0800377b   Thumb Code     2  heapauxi.o(.text)
    __I$use$semihosting                      0x0800377d   Thumb Code     0  use_no_semi.o(.text)
    __use_no_semihosting_swi                 0x0800377d   Thumb Code     2  use_no_semi.o(.text)
    __read_errno                             0x0800377f   Thumb Code    10  _rserrno.o(.text)
    __set_errno                              0x08003789   Thumb Code    12  _rserrno.o(.text)
    __aeabi_errno_addr                       0x08003795   Thumb Code     8  rt_errno_addr_intlibspace.o(.text)
    __errno$intlibspace                      0x08003795   Thumb Code     0  rt_errno_addr_intlibspace.o(.text)
    __rt_errno_addr$intlibspace              0x08003795   Thumb Code     0  rt_errno_addr_intlibspace.o(.text)
    __user_libspace                          0x0800379d   Thumb Code     8  libspace.o(.text)
    __user_perproc_libspace                  0x0800379d   Thumb Code     0  libspace.o(.text)
    __user_perthread_libspace                0x0800379d   Thumb Code     0  libspace.o(.text)
    __user_setup_stackheap                   0x080037a5   Thumb Code    74  sys_stackheap_outer.o(.text)
    exit                                     0x080037ef   Thumb Code    18  exit.o(.text)
    __ARM_fpclassify                         0x08003801   Thumb Code    40  fpclassify.o(i.__ARM_fpclassify)
    __ieee754_rem_pio2                       0x08003829   Thumb Code   828  rred.o(i.__ieee754_rem_pio2)
    __kernel_cos                             0x08003bb1   Thumb Code   230  cos_i.o(i.__kernel_cos)
    __kernel_poly                            0x08003cad   Thumb Code   170  poly.o(i.__kernel_poly)
    __kernel_sin                             0x08003d59   Thumb Code   224  sin_i.o(i.__kernel_sin)
    __mathlib_dbl_divzero                    0x08003e45   Thumb Code    12  dunder.o(i.__mathlib_dbl_divzero)
    __mathlib_dbl_infnan                     0x08003e55   Thumb Code     6  dunder.o(i.__mathlib_dbl_infnan)
    __mathlib_dbl_infnan2                    0x08003e5b   Thumb Code     4  dunder.o(i.__mathlib_dbl_infnan2)
    __mathlib_dbl_invalid                    0x08003e5f   Thumb Code    12  dunder.o(i.__mathlib_dbl_invalid)
    __mathlib_dbl_overflow                   0x08003e6b   Thumb Code    14  dunder.o(i.__mathlib_dbl_overflow)
    __mathlib_dbl_underflow                  0x08003e79   Thumb Code    10  dunder.o(i.__mathlib_dbl_underflow)
    cos                                      0x08003e89   Thumb Code   148  cos.o(i.cos)
    pow                                      0x08003f25   Thumb Code  2512  pow.o(i.pow)
    sqrt                                     0x080048fd   Thumb Code    76  sqrt.o(i.sqrt)
    __aeabi_d2f                              0x08004949   Thumb Code     0  d2f.o(x$fpl$d2f)
    _d2f                                     0x08004949   Thumb Code    98  d2f.o(x$fpl$d2f)
    __aeabi_dadd                             0x080049ad   Thumb Code     0  daddsub_clz.o(x$fpl$dadd)
    _dadd                                    0x080049ad   Thumb Code   332  daddsub_clz.o(x$fpl$dadd)
    __fpl_dcheck_NaN1                        0x08004afd   Thumb Code    10  dcheck1.o(x$fpl$dcheck1)
    __fpl_dcmp_Inf                           0x08004b0d   Thumb Code    24  dcmpi.o(x$fpl$dcmpinf)
    __aeabi_ddiv                             0x08004b25   Thumb Code     0  ddiv.o(x$fpl$ddiv)
    _ddiv                                    0x08004b25   Thumb Code   552  ddiv.o(x$fpl$ddiv)
    __aeabi_d2iz                             0x08004dd5   Thumb Code     0  dfix.o(x$fpl$dfix)
    _dfix                                    0x08004dd5   Thumb Code    94  dfix.o(x$fpl$dfix)
    __aeabi_i2d                              0x08004e33   Thumb Code     0  dflt_clz.o(x$fpl$dflt)
    _dflt                                    0x08004e33   Thumb Code    46  dflt_clz.o(x$fpl$dflt)
    __aeabi_ui2d                             0x08004e61   Thumb Code     0  dflt_clz.o(x$fpl$dfltu)
    _dfltu                                   0x08004e61   Thumb Code    38  dflt_clz.o(x$fpl$dfltu)
    __aeabi_cdcmple                          0x08004e89   Thumb Code     0  dleqf.o(x$fpl$dleqf)
    _dcmple                                  0x08004e89   Thumb Code   120  dleqf.o(x$fpl$dleqf)
    __fpl_dcmple_InfNaN                      0x08004eeb   Thumb Code     0  dleqf.o(x$fpl$dleqf)
    __aeabi_dmul                             0x08004f01   Thumb Code     0  dmul.o(x$fpl$dmul)
    _dmul                                    0x08004f01   Thumb Code   332  dmul.o(x$fpl$dmul)
    __fpl_dnaninf                            0x08005055   Thumb Code   156  dnaninf.o(x$fpl$dnaninf)
    __fpl_dretinf                            0x080050f1   Thumb Code    12  dretinf.o(x$fpl$dretinf)
    __aeabi_cdrcmple                         0x080050fd   Thumb Code     0  drleqf.o(x$fpl$drleqf)
    _drcmple                                 0x080050fd   Thumb Code   108  drleqf.o(x$fpl$drleqf)
    __aeabi_drsub                            0x08005169   Thumb Code     0  daddsub_clz.o(x$fpl$drsb)
    _drsb                                    0x08005169   Thumb Code    22  daddsub_clz.o(x$fpl$drsb)
    _dsqrt                                   0x08005181   Thumb Code   456  dsqrt_noumaal.o(x$fpl$dsqrt)
    __aeabi_dsub                             0x0800534d   Thumb Code     0  daddsub_clz.o(x$fpl$dsub)
    _dsub                                    0x0800534d   Thumb Code   464  daddsub_clz.o(x$fpl$dsub)
    __aeabi_f2d                              0x08005521   Thumb Code     0  f2d.o(x$fpl$f2d)
    _f2d                                     0x08005521   Thumb Code    86  f2d.o(x$fpl$f2d)
    __aeabi_fadd                             0x08005579   Thumb Code     0  faddsub_clz.o(x$fpl$fadd)
    _fadd                                    0x08005579   Thumb Code   196  faddsub_clz.o(x$fpl$fadd)
    __fpl_fcmp_Inf                           0x0800563d   Thumb Code    24  fcmpi.o(x$fpl$fcmpinf)
    __aeabi_ui2f                             0x08005655   Thumb Code     0  fflt_clz.o(x$fpl$ffltu)
    _ffltu                                   0x08005655   Thumb Code    38  fflt_clz.o(x$fpl$ffltu)
    __aeabi_cfcmple                          0x0800567d   Thumb Code     0  fleqf.o(x$fpl$fleqf)
    _fcmple                                  0x0800567d   Thumb Code   104  fleqf.o(x$fpl$fleqf)
    __fpl_fcmple_InfNaN                      0x080056cf   Thumb Code     0  fleqf.o(x$fpl$fleqf)
    __aeabi_fmul                             0x080056e5   Thumb Code     0  fmul.o(x$fpl$fmul)
    _fmul                                    0x080056e5   Thumb Code   258  fmul.o(x$fpl$fmul)
    __fpl_fnaninf                            0x080057e7   Thumb Code   140  fnaninf.o(x$fpl$fnaninf)
    __fpl_fretinf                            0x08005873   Thumb Code    10  fretinf.o(x$fpl$fretinf)
    __aeabi_cfrcmple                         0x0800587d   Thumb Code     0  frleqf.o(x$fpl$frleqf)
    _frcmple                                 0x0800587d   Thumb Code    98  frleqf.o(x$fpl$frleqf)
    __aeabi_fsub                             0x080058e1   Thumb Code     0  faddsub_clz.o(x$fpl$fsub)
    _fsub                                    0x080058e1   Thumb Code   234  faddsub_clz.o(x$fpl$fsub)
    __fpl_return_NaN                         0x080059cb   Thumb Code   100  retnan.o(x$fpl$retnan)
    __ARM_scalbn                             0x08005a2f   Thumb Code    92  scalbn.o(x$fpl$scalbn)
    __fpl_cmpreturn                          0x08005a8b   Thumb Code    48  trapv.o(x$fpl$trapveneer)
    __I$use$fp                               0x08005aba   Number         0  usenofp.o(x$fpl$usenofp)
    asc2_1206                                0x08005afc   Data        1140  oled.o(.constdata)
    asc2_1608                                0x08005f70   Data        1520  oled.o(.constdata)
    asc2_2412                                0x08006560   Data        3420  oled.o(.constdata)
    Logo_WYU                                 0x080072bc   Data         512  oled.o(.constdata)
    Chinese_1212                             0x080074bc   Data          72  oled.o(.constdata)
    __mathlib_zero                           0x080075c0   Data           8  qnan.o(.constdata)
    Region$$Table$$Base                      0x080076b8   Number         0  anon$$obj.o(Region$$Table)
    Region$$Table$$Limit                     0x080076d8   Number         0  anon$$obj.o(Region$$Table)
    SystemCoreClock                          0x20000000   Data           4  system_stm32f10x.o(.data)
    AHBPrescTable                            0x20000004   Data          16  system_stm32f10x.o(.data)
    ADC_Value                                0x20000016   Data           2  adc.o(.data)
    signalnum                                0x20000024   Data           4  goertzel.o(.data)
    display_position                         0x20000028   Data           1  goertzel.o(.data)
    num_total                                0x20000029   Data           1  goertzel.o(.data)
    __stdout                                 0x20000030   Data           4  usart.o(.data)
    USART_RX_STA                             0x20000034   Data           2  usart.o(.data)
    point_test                               0x2000004c   Data          80  adc.o(.bss)
    InBufArray                               0x2000009c   Data         820  goertzel.o(.bss)
    OLED_GRAM                                0x200003d0   Data        1024  oled.o(.bss)
    USART_RX_BUF                             0x200007d0   Data         200  usart.o(.bss)
    __libspace_start                         0x20000898   Data          96  libspace.o(.bss)
    __temporary_stack_top$libspace           0x200008f8   Data           0  libspace.o(.bss)



==============================================================================

Memory Map of the image

  Image Entry point : 0x08000131

  Load Region LR_IROM1 (Base: 0x08000000, Size: 0x00007724, Max: 0x00080000, ABSOLUTE)

    Execution Region ER_IROM1 (Base: 0x08000000, Size: 0x000076d8, Max: 0x00080000, ABSOLUTE)

    Base Addr    Size         Type   Attr      Idx    E Section Name        Object

    0x08000000   0x00000130   Data   RO          386    RESET               startup_stm32f10x_hd.o
    0x08000130   0x00000008   Code   RO          521  * !!!main             c_w.l(__main.o)
    0x08000138   0x00000034   Code   RO          813    !!!scatter          c_w.l(__scatter.o)
    0x0800016c   0x0000001a   Code   RO          815    !!handler_copy      c_w.l(__scatter_copy.o)
    0x08000186   0x00000002   PAD
    0x08000188   0x0000001c   Code   RO          817    !!handler_zi        c_w.l(__scatter_zi.o)
    0x080001a4   0x00000002   Code   RO          686    .ARM.Collect$$libinit$$00000000  c_w.l(libinit.o)
    0x080001a6   0x00000000   Code   RO          692    .ARM.Collect$$libinit$$00000002  c_w.l(libinit2.o)
    0x080001a6   0x00000000   Code   RO          694    .ARM.Collect$$libinit$$00000004  c_w.l(libinit2.o)
    0x080001a6   0x00000000   Code   RO          697    .ARM.Collect$$libinit$$0000000A  c_w.l(libinit2.o)
    0x080001a6   0x00000000   Code   RO          699    .ARM.Collect$$libinit$$0000000C  c_w.l(libinit2.o)
    0x080001a6   0x00000000   Code   RO          701    .ARM.Collect$$libinit$$0000000E  c_w.l(libinit2.o)
    0x080001a6   0x00000000   Code   RO          704    .ARM.Collect$$libinit$$00000011  c_w.l(libinit2.o)
    0x080001a6   0x00000000   Code   RO          706    .ARM.Collect$$libinit$$00000013  c_w.l(libinit2.o)
    0x080001a6   0x00000000   Code   RO          708    .ARM.Collect$$libinit$$00000015  c_w.l(libinit2.o)
    0x080001a6   0x00000000   Code   RO          710    .ARM.Collect$$libinit$$00000017  c_w.l(libinit2.o)
    0x080001a6   0x00000000   Code   RO          712    .ARM.Collect$$libinit$$00000019  c_w.l(libinit2.o)
    0x080001a6   0x00000000   Code   RO          714    .ARM.Collect$$libinit$$0000001B  c_w.l(libinit2.o)
    0x080001a6   0x00000000   Code   RO          716    .ARM.Collect$$libinit$$0000001D  c_w.l(libinit2.o)
    0x080001a6   0x00000000   Code   RO          718    .ARM.Collect$$libinit$$0000001F  c_w.l(libinit2.o)
    0x080001a6   0x00000000   Code   RO          720    .ARM.Collect$$libinit$$00000021  c_w.l(libinit2.o)
    0x080001a6   0x00000000   Code   RO          722    .ARM.Collect$$libinit$$00000023  c_w.l(libinit2.o)
    0x080001a6   0x00000000   Code   RO          724    .ARM.Collect$$libinit$$00000025  c_w.l(libinit2.o)
    0x080001a6   0x00000000   Code   RO          728    .ARM.Collect$$libinit$$0000002C  c_w.l(libinit2.o)
    0x080001a6   0x00000000   Code   RO          730    .ARM.Collect$$libinit$$0000002E  c_w.l(libinit2.o)
    0x080001a6   0x00000000   Code   RO          732    .ARM.Collect$$libinit$$00000030  c_w.l(libinit2.o)
    0x080001a6   0x00000000   Code   RO          734    .ARM.Collect$$libinit$$00000032  c_w.l(libinit2.o)
    0x080001a6   0x00000002   Code   RO          735    .ARM.Collect$$libinit$$00000033  c_w.l(libinit2.o)
    0x080001a8   0x00000002   Code   RO          755    .ARM.Collect$$libshutdown$$00000000  c_w.l(libshutdown.o)
    0x080001aa   0x00000000   Code   RO          765    .ARM.Collect$$libshutdown$$00000002  c_w.l(libshutdown2.o)
    0x080001aa   0x00000000   Code   RO          767    .ARM.Collect$$libshutdown$$00000004  c_w.l(libshutdown2.o)
    0x080001aa   0x00000000   Code   RO          770    .ARM.Collect$$libshutdown$$00000007  c_w.l(libshutdown2.o)
    0x080001aa   0x00000000   Code   RO          773    .ARM.Collect$$libshutdown$$0000000A  c_w.l(libshutdown2.o)
    0x080001aa   0x00000000   Code   RO          775    .ARM.Collect$$libshutdown$$0000000C  c_w.l(libshutdown2.o)
    0x080001aa   0x00000000   Code   RO          778    .ARM.Collect$$libshutdown$$0000000F  c_w.l(libshutdown2.o)
    0x080001aa   0x00000002   Code   RO          779    .ARM.Collect$$libshutdown$$00000010  c_w.l(libshutdown2.o)
    0x080001ac   0x00000000   Code   RO          587    .ARM.Collect$$rtentry$$00000000  c_w.l(__rtentry.o)
    0x080001ac   0x00000000   Code   RO          647    .ARM.Collect$$rtentry$$00000002  c_w.l(__rtentry2.o)
    0x080001ac   0x00000006   Code   RO          659    .ARM.Collect$$rtentry$$00000004  c_w.l(__rtentry4.o)
    0x080001b2   0x00000000   Code   RO          649    .ARM.Collect$$rtentry$$00000009  c_w.l(__rtentry2.o)
    0x080001b2   0x00000004   Code   RO          650    .ARM.Collect$$rtentry$$0000000A  c_w.l(__rtentry2.o)
    0x080001b6   0x00000000   Code   RO          652    .ARM.Collect$$rtentry$$0000000C  c_w.l(__rtentry2.o)
    0x080001b6   0x00000008   Code   RO          653    .ARM.Collect$$rtentry$$0000000D  c_w.l(__rtentry2.o)
    0x080001be   0x00000002   Code   RO          689    .ARM.Collect$$rtexit$$00000000  c_w.l(rtexit.o)
    0x080001c0   0x00000000   Code   RO          739    .ARM.Collect$$rtexit$$00000002  c_w.l(rtexit2.o)
    0x080001c0   0x00000004   Code   RO          740    .ARM.Collect$$rtexit$$00000003  c_w.l(rtexit2.o)
    0x080001c4   0x00000006   Code   RO          741    .ARM.Collect$$rtexit$$00000004  c_w.l(rtexit2.o)
    0x080001ca   0x00000002   PAD
    0x080001cc   0x00000048   Code   RO            1    .text               main.o
    0x08000214   0x0000001a   Code   RO          140    .text               stm32f10x_it.o
    0x0800022e   0x00000002   PAD
    0x08000230   0x000001e0   Code   RO          181    .text               system_stm32f10x.o
    0x08000410   0x0000004c   Code   RO          199    .text               led.o
    0x0800045c   0x000000d8   Code   RO          211    .text               key.o
    0x08000534   0x000003d4   Code   RO          224    .text               adc.o
    0x08000908   0x00000204   Code   RO          244    .text               goertzel.o
    0x08000b0c   0x00000668   Code   RO          274    .text               oled.o
    0x08001174   0x00000188   Code   RO          308    .text               exti.o
    0x080012fc   0x000000d4   Code   RO          320    .text               delay.o
    0x080013d0   0x00000140   Code   RO          351    .text               usart.o
    0x08001510   0x00000040   Code   RO          387    .text               startup_stm32f10x_hd.o
    0x08001550   0x000000dc   Code   RO          391    .text               misc.o
    0x0800162c   0x0000044e   Code   RO          403    .text               stm32f10x_adc.o
    0x08001a7a   0x00000002   PAD
    0x08001a7c   0x0000035c   Code   RO          427    .text               stm32f10x_gpio.o
    0x08001dd8   0x000003a4   Code   RO          439    .text               stm32f10x_rcc.o
    0x0800217c   0x00000408   Code   RO          453    .text               stm32f10x_usart.o
    0x08002584   0x00000e1a   Code   RO          477    .text               stm32f10x_tim.o
    0x0800339e   0x00000002   PAD
    0x080033a0   0x00000254   Code   RO          489    .text               stm32f10x_dma.o
    0x080035f4   0x0000011c   Code   RO          501    .text               stm32f10x_exti.o
    0x08003710   0x00000002   Code   RO          515    .text               c_w.l(use_no_semi_2.o)
    0x08003712   0x00000064   Code   RO          517    .text               c_w.l(rt_memcpy_w.o)
    0x08003776   0x00000006   Code   RO          519    .text               c_w.l(heapauxi.o)
    0x0800377c   0x00000002   Code   RO          585    .text               c_w.l(use_no_semi.o)
    0x0800377e   0x00000016   Code   RO          588    .text               c_w.l(_rserrno.o)
    0x08003794   0x00000008   Code   RO          664    .text               c_w.l(rt_errno_addr_intlibspace.o)
    0x0800379c   0x00000008   Code   RO          674    .text               c_w.l(libspace.o)
    0x080037a4   0x0000004a   Code   RO          677    .text               c_w.l(sys_stackheap_outer.o)
    0x080037ee   0x00000012   Code   RO          679    .text               c_w.l(exit.o)
    0x08003800   0x00000028   Code   RO          622    i.__ARM_fpclassify  m_ws.l(fpclassify.o)
    0x08003828   0x00000388   Code   RO          627    i.__ieee754_rem_pio2  m_ws.l(rred.o)
    0x08003bb0   0x000000fc   Code   RO          605    i.__kernel_cos      m_ws.l(cos_i.o)
    0x08003cac   0x000000aa   Code   RO          624    i.__kernel_poly     m_ws.l(poly.o)
    0x08003d56   0x00000002   PAD
    0x08003d58   0x000000ec   Code   RO          632    i.__kernel_sin      m_ws.l(sin_i.o)
    0x08003e44   0x00000010   Code   RO          608    i.__mathlib_dbl_divzero  m_ws.l(dunder.o)
    0x08003e54   0x00000006   Code   RO          609    i.__mathlib_dbl_infnan  m_ws.l(dunder.o)
    0x08003e5a   0x00000004   Code   RO          610    i.__mathlib_dbl_infnan2  m_ws.l(dunder.o)
    0x08003e5e   0x0000000c   Code   RO          611    i.__mathlib_dbl_invalid  m_ws.l(dunder.o)
    0x08003e6a   0x0000000e   Code   RO          612    i.__mathlib_dbl_overflow  m_ws.l(dunder.o)
    0x08003e78   0x00000010   Code   RO          614    i.__mathlib_dbl_underflow  m_ws.l(dunder.o)
    0x08003e88   0x0000009c   Code   RO          568    i.cos               m_ws.l(cos.o)
    0x08003f24   0x000009d8   Code   RO          576    i.pow               m_ws.l(pow.o)
    0x080048fc   0x0000004c   Code   RO          639    i.sqrt              m_ws.l(sqrt.o)
    0x08004948   0x00000062   Code   RO          523    x$fpl$d2f           fz_ws.l(d2f.o)
    0x080049aa   0x00000002   PAD
    0x080049ac   0x00000150   Code   RO          525    x$fpl$dadd          fz_ws.l(daddsub_clz.o)
    0x08004afc   0x00000010   Code   RO          666    x$fpl$dcheck1       fz_ws.l(dcheck1.o)
    0x08004b0c   0x00000018   Code   RO          590    x$fpl$dcmpinf       fz_ws.l(dcmpi.o)
    0x08004b24   0x000002b0   Code   RO          532    x$fpl$ddiv          fz_ws.l(ddiv.o)
    0x08004dd4   0x0000005e   Code   RO          668    x$fpl$dfix          fz_ws.l(dfix.o)
    0x08004e32   0x0000002e   Code   RO          536    x$fpl$dflt          fz_ws.l(dflt_clz.o)
    0x08004e60   0x00000026   Code   RO          535    x$fpl$dfltu         fz_ws.l(dflt_clz.o)
    0x08004e86   0x00000002   PAD
    0x08004e88   0x00000078   Code   RO          541    x$fpl$dleqf         fz_ws.l(dleqf.o)
    0x08004f00   0x00000154   Code   RO          543    x$fpl$dmul          fz_ws.l(dmul.o)
    0x08005054   0x0000009c   Code   RO          592    x$fpl$dnaninf       fz_ws.l(dnaninf.o)
    0x080050f0   0x0000000c   Code   RO          594    x$fpl$dretinf       fz_ws.l(dretinf.o)
    0x080050fc   0x0000006c   Code   RO          545    x$fpl$drleqf        fz_ws.l(drleqf.o)
    0x08005168   0x00000016   Code   RO          526    x$fpl$drsb          fz_ws.l(daddsub_clz.o)
    0x0800517e   0x00000002   PAD
    0x08005180   0x000001cc   Code   RO          672    x$fpl$dsqrt         fz_ws.l(dsqrt_noumaal.o)
    0x0800534c   0x000001d4   Code   RO          527    x$fpl$dsub          fz_ws.l(daddsub_clz.o)
    0x08005520   0x00000056   Code   RO          547    x$fpl$f2d           fz_ws.l(f2d.o)
    0x08005576   0x00000002   PAD
    0x08005578   0x000000c4   Code   RO          549    x$fpl$fadd          fz_ws.l(faddsub_clz.o)
    0x0800563c   0x00000018   Code   RO          596    x$fpl$fcmpinf       fz_ws.l(fcmpi.o)
    0x08005654   0x00000026   Code   RO          555    x$fpl$ffltu         fz_ws.l(fflt_clz.o)
    0x0800567a   0x00000002   PAD
    0x0800567c   0x00000068   Code   RO          561    x$fpl$fleqf         fz_ws.l(fleqf.o)
    0x080056e4   0x00000102   Code   RO          563    x$fpl$fmul          fz_ws.l(fmul.o)
    0x080057e6   0x0000008c   Code   RO          598    x$fpl$fnaninf       fz_ws.l(fnaninf.o)
    0x08005872   0x0000000a   Code   RO          600    x$fpl$fretinf       fz_ws.l(fretinf.o)
    0x0800587c   0x00000062   Code   RO          565    x$fpl$frleqf        fz_ws.l(frleqf.o)
    0x080058de   0x00000002   PAD
    0x080058e0   0x000000ea   Code   RO          551    x$fpl$fsub          fz_ws.l(faddsub_clz.o)
    0x080059ca   0x00000064   Code   RO          687    x$fpl$retnan        fz_ws.l(retnan.o)
    0x08005a2e   0x0000005c   Code   RO          602    x$fpl$scalbn        fz_ws.l(scalbn.o)
    0x08005a8a   0x00000030   Code   RO          736    x$fpl$trapveneer    fz_ws.l(trapv.o)
    0x08005aba   0x00000000   Code   RO          604    x$fpl$usenofp       fz_ws.l(usenofp.o)
    0x08005aba   0x00000002   PAD
    0x08005abc   0x00000040   Data   RO          246    .constdata          goertzel.o
    0x08005afc   0x00001a08   Data   RO          276    .constdata          oled.o
    0x08007504   0x00000004   PAD
    0x08007508   0x00000088   Data   RO          577    .constdata          m_ws.l(pow.o)
    0x08007590   0x00000030   Data   RO          606    .constdata          m_ws.l(cos_i.o)
    0x080075c0   0x00000008   Data   RO          626    .constdata          m_ws.l(qnan.o)
    0x080075c8   0x000000c8   Data   RO          629    .constdata          m_ws.l(rred.o)
    0x08007690   0x00000028   Data   RO          633    .constdata          m_ws.l(sin_i.o)
    0x080076b8   0x00000020   Data   RO          811    Region$$Table       anon$$obj.o


    Execution Region RW_IRAM1 (Base: 0x20000000, Size: 0x00000ef8, Max: 0x00010000, ABSOLUTE)

    Base Addr    Size         Type   Attr      Idx    E Section Name        Object

    0x20000000   0x00000014   Data   RW          182    .data               system_stm32f10x.o
    0x20000014   0x00000001   Data   RW          212    .data               key.o
    0x20000015   0x00000001   PAD
    0x20000016   0x0000000d   Data   RW          226    .data               adc.o
    0x20000023   0x00000001   PAD
    0x20000024   0x00000006   Data   RW          247    .data               goertzel.o
    0x2000002a   0x00000004   Data   RW          321    .data               delay.o
    0x2000002e   0x00000002   PAD
    0x20000030   0x00000006   Data   RW          353    .data               usart.o
    0x20000036   0x00000014   Data   RW          440    .data               stm32f10x_rcc.o
    0x2000004a   0x00000002   PAD
    0x2000004c   0x00000050   Zero   RW          225    .bss                adc.o
    0x2000009c   0x00000334   Zero   RW          245    .bss                goertzel.o
    0x200003d0   0x00000400   Zero   RW          275    .bss                oled.o
    0x200007d0   0x000000c8   Zero   RW          352    .bss                usart.o
    0x20000898   0x00000060   Zero   RW          675    .bss                c_w.l(libspace.o)
    0x200008f8   0x00000200   Zero   RW          385    HEAP                startup_stm32f10x_hd.o
    0x20000af8   0x00000400   Zero   RW          384    STACK               startup_stm32f10x_hd.o


==============================================================================

Image component sizes


      Code (inc. data)   RO Data    RW Data    ZI Data      Debug   Object Name

       980         78          0         13         80       3086   adc.o
       212         18          0          4          0       1083   delay.o
       392         36          0          0          0       1116   exti.o
       516         40         64          6        820       1856   goertzel.o
       216         14          0          1          0        836   key.o
        76          8          0          0          0        515   led.o
        72         10          0          0          0     274491   main.o
       220         22          0          0          0       1841   misc.o
      1640         66       6664          0       1024       6415   oled.o
        64         26        304          0       1536        804   startup_stm32f10x_hd.o
      1102         26          0          0          0      11081   stm32f10x_adc.o
       596          8          0          0          0       4402   stm32f10x_dma.o
       284         10          0          0          0       2295   stm32f10x_exti.o
       860         38          0          0          0       5773   stm32f10x_gpio.o
        26          0          0          0          0       1198   stm32f10x_it.o
       932         36          0         20          0       8968   stm32f10x_rcc.o
      3610         88          0          0          0      22880   stm32f10x_tim.o
      1032         22          0          0          0       8496   stm32f10x_usart.o
         0          0          0          0          0         32   sys.o
       480         38          0         20          0       1799   system_stm32f10x.o
       320         18          0          6        200       3198   usart.o

    ----------------------------------------------------------------------
     13636        602       7068         76       3660     362165   Object Totals
         0          0         32          0          0          0   (incl. Generated)
         6          0          4          6          0          0   (incl. Padding)

    ----------------------------------------------------------------------

      Code (inc. data)   RO Data    RW Data    ZI Data      Debug   Library Member Name

         8          0          0          0          0         68   __main.o
         0          0          0          0          0          0   __rtentry.o
        12          0          0          0          0          0   __rtentry2.o
         6          0          0          0          0          0   __rtentry4.o
        52          8          0          0          0          0   __scatter.o
        26          0          0          0          0          0   __scatter_copy.o
        28          0          0          0          0          0   __scatter_zi.o
        22          0          0          0          0        100   _rserrno.o
        18          0          0          0          0         80   exit.o
         6          0          0          0          0        152   heapauxi.o
         2          0          0          0          0          0   libinit.o
         2          0          0          0          0          0   libinit2.o
         2          0          0          0          0          0   libshutdown.o
         2          0          0          0          0          0   libshutdown2.o
         8          4          0          0         96         68   libspace.o
         8          4          0          0          0         68   rt_errno_addr_intlibspace.o
       100          0          0          0          0         80   rt_memcpy_w.o
         2          0          0          0          0          0   rtexit.o
        10          0          0          0          0          0   rtexit2.o
        74          0          0          0          0         80   sys_stackheap_outer.o
         2          0          0          0          0         68   use_no_semi.o
         2          0          0          0          0         68   use_no_semi_2.o
        98          4          0          0          0         92   d2f.o
       826         16          0          0          0        348   daddsub_clz.o
        16          4          0          0          0         68   dcheck1.o
        24          0          0          0          0         68   dcmpi.o
       688        140          0          0          0        208   ddiv.o
        94          4          0          0          0         92   dfix.o
        84          0          0          0          0        136   dflt_clz.o
       120          4          0          0          0         92   dleqf.o
       340         12          0          0          0        104   dmul.o
       156          4          0          0          0         92   dnaninf.o
        12          0          0          0          0         68   dretinf.o
       108          0          0          0          0         80   drleqf.o
       460         56          0          0          0        120   dsqrt_noumaal.o
        86          4          0          0          0         84   f2d.o
       430          8          0          0          0        168   faddsub_clz.o
        24          0          0          0          0         68   fcmpi.o
        38          0          0          0          0         68   fflt_clz.o
       104          4          0          0          0         84   fleqf.o
       258          4          0          0          0         84   fmul.o
       140          4          0          0          0         84   fnaninf.o
        10          0          0          0          0         68   fretinf.o
        98          0          0          0          0         68   frleqf.o
       100          0          0          0          0         68   retnan.o
        92          0          0          0          0         68   scalbn.o
        48          0          0          0          0         68   trapv.o
         0          0          0          0          0          0   usenofp.o
       156          8          0          0          0        104   cos.o
       252         22         48          0          0        124   cos_i.o
        68         10          0          0          0        408   dunder.o
        40          0          0          0          0         68   fpclassify.o
       170          0          0          0          0         96   poly.o
      2520        190        136          0          0        324   pow.o
         0          0          8          0          0          0   qnan.o
       904         76        200          0          0        140   rred.o
       236         12         40          0          0        128   sin_i.o
        76          0          0          0          0         84   sqrt.o

    ----------------------------------------------------------------------
      9288        602        432          0         96       4856   Library Totals
        20          0          0          0          0          0   (incl. Padding)

    ----------------------------------------------------------------------

      Code (inc. data)   RO Data    RW Data    ZI Data      Debug   Library Name

       392         16          0          0         96        832   c_w.l
      4454        268          0          0          0       2548   fz_ws.l
      4422        318        432          0          0       1476   m_ws.l

    ----------------------------------------------------------------------
      9288        602        432          0         96       4856   Library Totals

    ----------------------------------------------------------------------

==============================================================================


      Code (inc. data)   RO Data    RW Data    ZI Data      Debug   

     22924       1204       7500         76       3756     362805   Grand Totals
     22924       1204       7500         76       3756     362805   ELF Image Totals
     22924       1204       7500         76          0          0   ROM Totals

==============================================================================

    Total RO  Size (Code + RO Data)                30424 (  29.71kB)
    Total RW  Size (RW Data + ZI Data)              3832 (   3.74kB)
    Total ROM Size (Code + RO Data + RW Data)      30500 (  29.79kB)

==============================================================================

